MPLINK 5.00, LINKER
Linker Map File - Created Mon Jan 09 13:31:57 2023

                                 Section Info
                  Section       Type    Address   Location Size(Bytes)
                ---------  ---------  ---------  ---------  ---------
               _entry_scn       code   0x000000    program   0x000006
           .code___init.o       code   0x000006    program   0x000002
      InterruptVectorHigh       code   0x000008    program   0x000006
         .romdata_timer.o    romdata   0x00000e    program   0x000000
           .romdata_lcd.o    romdata   0x00000e    program   0x000000
           .romdata_i2c.o    romdata   0x00000e    program   0x000000
     .romdata_interrupt.o    romdata   0x00000e    program   0x000000
        .romdata_button.o    romdata   0x00000e    program   0x000000
           .romdata_adc.o    romdata   0x00000e    program   0x000000
           .idata_pwm.o_i    romdata   0x00000e    program   0x000001
           .romdata_pwm.o    romdata   0x00000e    program   0x000000
.romdata_simulate_machine.o    romdata   0x00000e    program   0x000000
      .romdata_fxd0808u.o    romdata   0x00000e    program   0x000000
      .romdata_fxd1616u.o    romdata   0x00000e    program   0x000000
      .romdata_fxd2424u.o    romdata   0x00000e    program   0x000000
         .romdata_c018i.o    romdata   0x00000e    program   0x000000
      .romdata_fxd3232u.o    romdata   0x00000e    program   0x000000
          .idata_uart.o_i    romdata   0x00000e    program   0x000000
       .romdata_fxm3232.o    romdata   0x00000e    program   0x000000
          .romdata_main.o    romdata   0x00000e    program   0x000000
          .romdata_uart.o    romdata   0x00000e    program   0x000000
        .romdata___init.o    romdata   0x00000e    program   0x000000
     .idata_interrupt.o_i    romdata   0x00000f    program   0x000004
         .idata_c018i.o_i    romdata   0x000013    program   0x000000
           .idata_adc.o_i    romdata   0x000013    program   0x000000
        .idata___init.o_i    romdata   0x000013    program   0x000000
      .idata_fxd0808u.o_i    romdata   0x000013    program   0x000000
       .idata_fxm3232.o_i    romdata   0x000013    program   0x000000
      .idata_fxd1616u.o_i    romdata   0x000013    program   0x000000
      .idata_fxd2424u.o_i    romdata   0x000013    program   0x000000
      .idata_fxd3232u.o_i    romdata   0x000013    program   0x000000
            .code_c018i.o       code   0x000014    program   0x000000
       InterruptVectorLow       code   0x000018    program   0x000006
                   .cinit    romdata   0x00001e    program   0x000062
             .code_main.o       code   0x000080    program   0x001174
              .code_lcd.o       code   0x0011f4    program   0x00087c
             .stringtable    romdata   0x001a70    program   0x0007dc
 .code_simulate_machine.o       code   0x00224c    program   0x00063a
             .code_uart.o       code   0x002886    program   0x000382
           .code_button.o       code   0x002c08    program   0x00036e
              .code_i2c.o       code   0x002f76    program   0x00028c
            .code_timer.o       code   0x003202    program   0x000264
        .code_interrupt.o       code   0x003466    program   0x00017c
                     PROG       code   0x0035e2    program   0x0000a6
               _cinit_scn       code   0x003688    program   0x00009e
              .code_adc.o       code   0x003726    program   0x000090
          .code_fxm3232.o       code   0x0037b6    program   0x000070
         .code_fxd3232u.o       code   0x003826    program   0x000048
         .code_fxd2424u.o       code   0x00386e    program   0x00003a
              .code_pwm.o       code   0x0038a8    program   0x000038
         .code_fxd1616u.o       code   0x0038e0    program   0x00002c
                    .code       code   0x00390c    program   0x000020
             _startup_scn       code   0x00392c    program   0x00001c
         .code_fxd0808u.o       code   0x003948    program   0x00001c
         .idata_timer.o_i    romdata   0x003964    program   0x000020
.idata_simulate_machine.o_i    romdata   0x003984    program   0x000019
          .idata_main.o_i    romdata   0x00399d    program   0x00004a
           .idata_lcd.o_i    romdata   0x0039e7    program   0x000061
           .idata_i2c.o_i    romdata   0x003a48    program   0x00001b
        .idata_button.o_i    romdata   0x003a63    program   0x000028
    .config_300001_main.o    romdata   0x300001    program   0x000001
    .config_300002_main.o    romdata   0x300002    program   0x000001
    .config_300003_main.o    romdata   0x300003    program   0x000001
    .config_300005_main.o    romdata   0x300005    program   0x000001
    .config_300006_main.o    romdata   0x300006    program   0x000001
    .config_300008_main.o    romdata   0x300008    program   0x000001
    .config_300009_main.o    romdata   0x300009    program   0x000001
    .config_30000a_main.o    romdata   0x30000a    program   0x000001
    .config_30000b_main.o    romdata   0x30000b    program   0x000001
    .config_30000c_main.o    romdata   0x30000c    program   0x000001
    .config_30000d_main.o    romdata   0x30000d    program   0x000001
                MATH_DATA      udata   0x000000       data   0x000010
                 .tmpdata      udata   0x000010       data   0x00000a
.udata_simulate_machine.o      udata   0x000080       data   0x00006f
           .udata_c018i.o      udata   0x0000ef       data   0x00000a
            .udata_main.o      udata   0x0000f9       data   0x000005
             .udata_pwm.o      udata   0x0000fe       data   0x000001
             .udata_i2c.o      udata   0x0000ff       data   0x000001
            .idata_main.o      idata   0x000100       data   0x00004a
          .idata_button.o      idata   0x00014a       data   0x000028
           .idata_timer.o      idata   0x000172       data   0x000020
             .udata_adc.o      udata   0x000192       data   0x00001a
.idata_simulate_machine.o      idata   0x0001ac       data   0x000019
       .idata_interrupt.o      idata   0x0001c5       data   0x000004
             .idata_pwm.o      idata   0x0001c9       data   0x000001
        .udata_fxd1616u.o      udata   0x0001ca       data   0x000000
        .idata_fxd1616u.o      idata   0x0001ca       data   0x000000
        .idata_fxd0808u.o      idata   0x0001ca       data   0x000000
        .udata_fxd2424u.o      udata   0x0001ca       data   0x000000
        .idata_fxd2424u.o      idata   0x0001ca       data   0x000000
        .udata_fxd3232u.o      udata   0x0001ca       data   0x000000
        .idata_fxd3232u.o      idata   0x0001ca       data   0x000000
         .udata_fxm3232.o      udata   0x0001ca       data   0x000000
         .idata_fxm3232.o      idata   0x0001ca       data   0x000000
          .udata___init.o      udata   0x0001ca       data   0x000000
          .idata___init.o      idata   0x0001ca       data   0x000000
        .udata_fxd0808u.o      udata   0x0001ca       data   0x000000
             .idata_adc.o      idata   0x0001ca       data   0x000000
           .udata_timer.o      udata   0x0001ca       data   0x000000
       .udata_interrupt.o      udata   0x0001ca       data   0x000000
          .udata_button.o      udata   0x0001ca       data   0x000000
            .idata_uart.o      idata   0x0001ca       data   0x000000
            .udata_uart.o      udata   0x0001ca       data   0x000000
           .idata_c018i.o      idata   0x0001ca       data   0x000000
                   .stack      udata   0x000e00       data   0x000100
             .idata_lcd.o      idata   0x000f00       data   0x000061
             .idata_i2c.o      idata   0x000f61       data   0x00001b
             .udata_lcd.o      udata   0x000f7c       data   0x000004
            SFR_UNBANKED0      udata   0x000f80       data   0x000080



                              Program Memory Usage 
                               Start         End      
                           ---------   ---------      
                            0x000000    0x000012      
                            0x000018    0x003a8a      
                            0x300001    0x300003      
                            0x300005    0x300006      
                            0x300008    0x30000d      
            14993 out of 66584 program addresses used, program memory utilization is 22%



                              Symbols - Sorted by Name
                     Name    Address   Location    Storage File                     
                ---------  ---------  ---------  --------- ---------                
         App_PasswordDoor   0x000c9a    program     extern C:\Users\anhni\Downloads\PICKITMPLAB\VDK-11-5 (extract.me)\Bai5_TRAFFIC_UART\main.c
                  BCD2Dec   0x002f76    program     extern C:\Users\anhni\Downloads\PICKITMPLAB\VDK-11-5 (extract.me)\Bai5_TRAFFIC_UART\i2c\i2c.c
            CheckPassword   0x000d7c    program     extern C:\Users\anhni\Downloads\PICKITMPLAB\VDK-11-5 (extract.me)\Bai5_TRAFFIC_UART\main.c
              CloseOutput   0x0001ac    program     extern C:\Users\anhni\Downloads\PICKITMPLAB\VDK-11-5 (extract.me)\Bai5_TRAFFIC_UART\main.c
             CloseOutput7   0x0001f0    program     extern C:\Users\anhni\Downloads\PICKITMPLAB\VDK-11-5 (extract.me)\Bai5_TRAFFIC_UART\main.c
                   D1616S   0x003604    program     static E:\3.46\pic18-lt\cxx-framework\src\traditional\math\fxd1616s.asm
                D1616SNEG   0x003612    program     static E:\3.46\pic18-lt\cxx-framework\src\traditional\math\fxd1616s.asm
                 D1616SOK   0x00360e    program     static E:\3.46\pic18-lt\cxx-framework\src\traditional\math\fxd1616s.asm
                  D1616SX   0x003624    program     static E:\3.46\pic18-lt\cxx-framework\src\traditional\math\fxd1616s.asm
                   D2424S   0x003658    program     static E:\3.46\pic18-lt\cxx-framework\src\traditional\math\fxd2424s.asm
                D2424SNEG   0x003666    program     static E:\3.46\pic18-lt\cxx-framework\src\traditional\math\fxd2424s.asm
                 D2424SOK   0x003662    program     static E:\3.46\pic18-lt\cxx-framework\src\traditional\math\fxd2424s.asm
                  D2424SX   0x00367e    program     static E:\3.46\pic18-lt\cxx-framework\src\traditional\math\fxd2424s.asm
                  DA1616S   0x0035f4    program     static E:\3.46\pic18-lt\cxx-framework\src\traditional\math\fxd1616s.asm
                  DA2424S   0x003644    program     static E:\3.46\pic18-lt\cxx-framework\src\traditional\math\fxd2424s.asm
                  Dec2BCD   0x002f9a    program     extern C:\Users\anhni\Downloads\PICKITMPLAB\VDK-11-5 (extract.me)\Bai5_TRAFFIC_UART\i2c\i2c.c
       DisplayDataReceive   0x0026b6    program     extern C:\Users\anhni\Downloads\PICKITMPLAB\VDK-11-5 (extract.me)\Bai5_TRAFFIC_UART\simulate_machine\simulate_machine.c
         DisplayLcdScreen   0x0015b2    program     extern C:\Users\anhni\Downloads\PICKITMPLAB\VDK-11-5 (extract.me)\Bai5_TRAFFIC_UART\lcd\lcd.c
        DisplayLcdScreen2   0x001632    program     extern C:\Users\anhni\Downloads\PICKITMPLAB\VDK-11-5 (extract.me)\Bai5_TRAFFIC_UART\lcd\lcd.c
      DisplayLcdScreenOld   0x001670    program     extern C:\Users\anhni\Downloads\PICKITMPLAB\VDK-11-5 (extract.me)\Bai5_TRAFFIC_UART\lcd\lcd.c
           Display_number   0x0002f8    program     extern C:\Users\anhni\Downloads\PICKITMPLAB\VDK-11-5 (extract.me)\Bai5_TRAFFIC_UART\main.c
                 FXD0808U   0x003948    program     extern E:\3.46\pic18-lt\cxx-framework\src\traditional\math\fxd0808u.c
                 FXD1616S   0x0035e2    program     extern E:\3.46\pic18-lt\cxx-framework\src\traditional\math\fxd1616s.asm
                 FXD1616U   0x0038e0    program     extern E:\3.46\pic18-lt\cxx-framework\src\traditional\math\fxd1616u.c
                 FXD2424S   0x00362e    program     extern E:\3.46\pic18-lt\cxx-framework\src\traditional\math\fxd2424s.asm
                 FXD2424U   0x00386e    program     extern E:\3.46\pic18-lt\cxx-framework\src\traditional\math\fxd2424u.c
                 FXD3232U   0x003826    program     extern E:\3.46\pic18-lt\cxx-framework\src\traditional\math\fxd3232u.c
                  FXM3232   0x0037b6    program     extern E:\3.46\pic18-lt\cxx-framework\src\traditional\math\fxm3232.c
      InterruptVectorHigh   0x000008    program     extern C:\Users\anhni\Downloads\PICKITMPLAB\VDK-11-5 (extract.me)\Bai5_TRAFFIC_UART\interrupt\interrupt.c
       InterruptVectorLow   0x000018    program     extern C:\Users\anhni\Downloads\PICKITMPLAB\VDK-11-5 (extract.me)\Bai5_TRAFFIC_UART\interrupt\interrupt.c
                LcdClearS   0x001562    program     extern C:\Users\anhni\Downloads\PICKITMPLAB\VDK-11-5 (extract.me)\Bai5_TRAFFIC_UART\lcd\lcd.c
            LcdPrintCharS   0x001692    program     extern C:\Users\anhni\Downloads\PICKITMPLAB\VDK-11-5 (extract.me)\Bai5_TRAFFIC_UART\lcd\lcd.c
              LcdPrintNum   0x0014fe    program     extern C:\Users\anhni\Downloads\PICKITMPLAB\VDK-11-5 (extract.me)\Bai5_TRAFFIC_UART\lcd\lcd.c
             LcdPrintNumS   0x0016d2    program     extern C:\Users\anhni\Downloads\PICKITMPLAB\VDK-11-5 (extract.me)\Bai5_TRAFFIC_UART\lcd\lcd.c
           LcdPrintString   0x001524    program     extern C:\Users\anhni\Downloads\PICKITMPLAB\VDK-11-5 (extract.me)\Bai5_TRAFFIC_UART\lcd\lcd.c
          LcdPrintStringS   0x00176e    program     extern C:\Users\anhni\Downloads\PICKITMPLAB\VDK-11-5 (extract.me)\Bai5_TRAFFIC_UART\lcd\lcd.c
          LcdTrafficLight   0x000460    program     extern C:\Users\anhni\Downloads\PICKITMPLAB\VDK-11-5 (extract.me)\Bai5_TRAFFIC_UART\main.c
          LedTrafficLight   0x0004b6    program     extern C:\Users\anhni\Downloads\PICKITMPLAB\VDK-11-5 (extract.me)\Bai5_TRAFFIC_UART\main.c
                 LockDoor   0x000e78    program     extern C:\Users\anhni\Downloads\PICKITMPLAB\VDK-11-5 (extract.me)\Bai5_TRAFFIC_UART\main.c
        Manual_Adjustment   0x000a2c    program     extern C:\Users\anhni\Downloads\PICKITMPLAB\VDK-11-5 (extract.me)\Bai5_TRAFFIC_UART\main.c
               OpenOutput   0x00018a    program     extern C:\Users\anhni\Downloads\PICKITMPLAB\VDK-11-5 (extract.me)\Bai5_TRAFFIC_UART\main.c
              OpenOutput7   0x0001ce    program     extern C:\Users\anhni\Downloads\PICKITMPLAB\VDK-11-5 (extract.me)\Bai5_TRAFFIC_UART\main.c
          Phase1_GreenOff   0x00029e    program     extern C:\Users\anhni\Downloads\PICKITMPLAB\VDK-11-5 (extract.me)\Bai5_TRAFFIC_UART\main.c
           Phase1_GreenOn   0x000298    program     extern C:\Users\anhni\Downloads\PICKITMPLAB\VDK-11-5 (extract.me)\Bai5_TRAFFIC_UART\main.c
            Phase1_RedOff   0x0002c2    program     extern C:\Users\anhni\Downloads\PICKITMPLAB\VDK-11-5 (extract.me)\Bai5_TRAFFIC_UART\main.c
             Phase1_RedOn   0x0002bc    program     extern C:\Users\anhni\Downloads\PICKITMPLAB\VDK-11-5 (extract.me)\Bai5_TRAFFIC_UART\main.c
         Phase1_YellowOff   0x0002b6    program     extern C:\Users\anhni\Downloads\PICKITMPLAB\VDK-11-5 (extract.me)\Bai5_TRAFFIC_UART\main.c
          Phase1_YellowOn   0x0002b0    program     extern C:\Users\anhni\Downloads\PICKITMPLAB\VDK-11-5 (extract.me)\Bai5_TRAFFIC_UART\main.c
          Phase2_GreenOff   0x0002ce    program     extern C:\Users\anhni\Downloads\PICKITMPLAB\VDK-11-5 (extract.me)\Bai5_TRAFFIC_UART\main.c
           Phase2_GreenOn   0x0002c8    program     extern C:\Users\anhni\Downloads\PICKITMPLAB\VDK-11-5 (extract.me)\Bai5_TRAFFIC_UART\main.c
            Phase2_RedOff   0x0002f2    program     extern C:\Users\anhni\Downloads\PICKITMPLAB\VDK-11-5 (extract.me)\Bai5_TRAFFIC_UART\main.c
             Phase2_RedOn   0x0002ec    program     extern C:\Users\anhni\Downloads\PICKITMPLAB\VDK-11-5 (extract.me)\Bai5_TRAFFIC_UART\main.c
         Phase2_YellowOff   0x0002e6    program     extern C:\Users\anhni\Downloads\PICKITMPLAB\VDK-11-5 (extract.me)\Bai5_TRAFFIC_UART\main.c
          Phase2_YellowOn   0x0002e0    program     extern C:\Users\anhni\Downloads\PICKITMPLAB\VDK-11-5 (extract.me)\Bai5_TRAFFIC_UART\main.c
            ReverseOutput   0x000212    program     extern C:\Users\anhni\Downloads\PICKITMPLAB\VDK-11-5 (extract.me)\Bai5_TRAFFIC_UART\main.c
             SetTimer0_ms   0x00333e    program     extern C:\Users\anhni\Downloads\PICKITMPLAB\VDK-11-5 (extract.me)\Bai5_TRAFFIC_UART\timer\timer.c
             SetTimer1_ms   0x003356    program     extern C:\Users\anhni\Downloads\PICKITMPLAB\VDK-11-5 (extract.me)\Bai5_TRAFFIC_UART\timer\timer.c
             SetTimer3_ms   0x003388    program     extern C:\Users\anhni\Downloads\PICKITMPLAB\VDK-11-5 (extract.me)\Bai5_TRAFFIC_UART\timer\timer.c
         SimulatedataSend   0x0026b4    program     extern C:\Users\anhni\Downloads\PICKITMPLAB\VDK-11-5 (extract.me)\Bai5_TRAFFIC_UART\simulate_machine\simulate_machine.c
                Slow_mode   0x0009d4    program     extern C:\Users\anhni\Downloads\PICKITMPLAB\VDK-11-5 (extract.me)\Bai5_TRAFFIC_UART\main.c
               TestOutput   0x000242    program     extern C:\Users\anhni\Downloads\PICKITMPLAB\VDK-11-5 (extract.me)\Bai5_TRAFFIC_UART\main.c
         TimeTrafficLight   0x0004fc    program     extern C:\Users\anhni\Downloads\PICKITMPLAB\VDK-11-5 (extract.me)\Bai5_TRAFFIC_UART\main.c
              Traffic_fsm   0x000314    program     extern C:\Users\anhni\Downloads\PICKITMPLAB\VDK-11-5 (extract.me)\Bai5_TRAFFIC_UART\main.c
   UartDataReceiveProcess   0x000632    program     extern C:\Users\anhni\Downloads\PICKITMPLAB\VDK-11-5 (extract.me)\Bai5_TRAFFIC_UART\main.c
              UartSendNum   0x002a1c    program     extern C:\Users\anhni\Downloads\PICKITMPLAB\VDK-11-5 (extract.me)\Bai5_TRAFFIC_UART\uart\uart.c
           UartSendString   0x00293e    program     extern C:\Users\anhni\Downloads\PICKITMPLAB\VDK-11-5 (extract.me)\Bai5_TRAFFIC_UART\uart\uart.c
               UnlockDoor   0x000e6a    program     extern C:\Users\anhni\Downloads\PICKITMPLAB\VDK-11-5 (extract.me)\Bai5_TRAFFIC_UART\main.c
  WaitingTimeTrafficLight   0x000568    program     extern C:\Users\anhni\Downloads\PICKITMPLAB\VDK-11-5 (extract.me)\Bai5_TRAFFIC_UART\main.c
         Walking_GreenOff   0x0002aa    program     extern C:\Users\anhni\Downloads\PICKITMPLAB\VDK-11-5 (extract.me)\Bai5_TRAFFIC_UART\main.c
          Walking_GreenOn   0x0002a4    program     extern C:\Users\anhni\Downloads\PICKITMPLAB\VDK-11-5 (extract.me)\Bai5_TRAFFIC_UART\main.c
           Walking_RedOff   0x0002da    program     extern C:\Users\anhni\Downloads\PICKITMPLAB\VDK-11-5 (extract.me)\Bai5_TRAFFIC_UART\main.c
            Walking_RedOn   0x0002d4    program     extern C:\Users\anhni\Downloads\PICKITMPLAB\VDK-11-5 (extract.me)\Bai5_TRAFFIC_UART\main.c
       ___return_lbl00000   0x003824    program     static                          
       ___return_lbl00000   0x000004    program     static                          
       ___return_lbl00000   0x00386c    program     static                          
       ___return_lbl00000   0x003962    program     static                          
       ___return_lbl00000   0x0038a6    program     static                          
       ___return_lbl00000   0x00390a    program     static                          
       ___return_lbl00001   0x003946    program     static                          
       ___return_lbl00002   0x00001c    program     static                          
       ___return_lbl00002   0x003724    program     static                          
       ___return_lbl00003   0x00000c    program     static                          
               __config_0   0x300001    program     static C:\Users\anhni\Downloads\PICKITMPLAB\VDK-11-5 (extract.me)\Bai5_TRAFFIC_UART\main.c
               __config_1   0x300002    program     static C:\Users\anhni\Downloads\PICKITMPLAB\VDK-11-5 (extract.me)\Bai5_TRAFFIC_UART\main.c
              __config_10   0x30000d    program     static C:\Users\anhni\Downloads\PICKITMPLAB\VDK-11-5 (extract.me)\Bai5_TRAFFIC_UART\main.c
               __config_2   0x300003    program     static C:\Users\anhni\Downloads\PICKITMPLAB\VDK-11-5 (extract.me)\Bai5_TRAFFIC_UART\main.c
               __config_3   0x300005    program     static C:\Users\anhni\Downloads\PICKITMPLAB\VDK-11-5 (extract.me)\Bai5_TRAFFIC_UART\main.c
               __config_4   0x300006    program     static C:\Users\anhni\Downloads\PICKITMPLAB\VDK-11-5 (extract.me)\Bai5_TRAFFIC_UART\main.c
               __config_5   0x300008    program     static C:\Users\anhni\Downloads\PICKITMPLAB\VDK-11-5 (extract.me)\Bai5_TRAFFIC_UART\main.c
               __config_6   0x300009    program     static C:\Users\anhni\Downloads\PICKITMPLAB\VDK-11-5 (extract.me)\Bai5_TRAFFIC_UART\main.c
               __config_7   0x30000a    program     static C:\Users\anhni\Downloads\PICKITMPLAB\VDK-11-5 (extract.me)\Bai5_TRAFFIC_UART\main.c
               __config_8   0x30000b    program     static C:\Users\anhni\Downloads\PICKITMPLAB\VDK-11-5 (extract.me)\Bai5_TRAFFIC_UART\main.c
               __config_9   0x30000c    program     static C:\Users\anhni\Downloads\PICKITMPLAB\VDK-11-5 (extract.me)\Bai5_TRAFFIC_UART\main.c
                   __init   0x000006    program     extern E:\3.46\pic18-lt\cxx-framework\src\traditional\stdclib\__init.c
                   __pa_0   0x0017a0    program     static C:\Users\anhni\Downloads\PICKITMPLAB\VDK-11-5 (extract.me)\Bai5_TRAFFIC_UART\lcd\lcd.c
                   __pa_0   0x000ea6    program     static C:\Users\anhni\Downloads\PICKITMPLAB\VDK-11-5 (extract.me)\Bai5_TRAFFIC_UART\main.c
                   __pa_0   0x0033ba    program     static C:\Users\anhni\Downloads\PICKITMPLAB\VDK-11-5 (extract.me)\Bai5_TRAFFIC_UART\timer\timer.c
                   __pa_0   0x00355a    program     static C:\Users\anhni\Downloads\PICKITMPLAB\VDK-11-5 (extract.me)\Bai5_TRAFFIC_UART\interrupt\interrupt.c
                   __pa_0   0x002e64    program     static C:\Users\anhni\Downloads\PICKITMPLAB\VDK-11-5 (extract.me)\Bai5_TRAFFIC_UART\button_matrix\button.c
                   __pa_0   0x003184    program     static C:\Users\anhni\Downloads\PICKITMPLAB\VDK-11-5 (extract.me)\Bai5_TRAFFIC_UART\i2c\i2c.c
                   __pa_0   0x002b2a    program     static C:\Users\anhni\Downloads\PICKITMPLAB\VDK-11-5 (extract.me)\Bai5_TRAFFIC_UART\uart\uart.c
                   __pa_0   0x002712    program     static C:\Users\anhni\Downloads\PICKITMPLAB\VDK-11-5 (extract.me)\Bai5_TRAFFIC_UART\simulate_machine\simulate_machine.c
                   __pa_1   0x00318c    program     static C:\Users\anhni\Downloads\PICKITMPLAB\VDK-11-5 (extract.me)\Bai5_TRAFFIC_UART\i2c\i2c.c
                   __pa_1   0x002e84    program     static C:\Users\anhni\Downloads\PICKITMPLAB\VDK-11-5 (extract.me)\Bai5_TRAFFIC_UART\button_matrix\button.c
                   __pa_1   0x00271e    program     static C:\Users\anhni\Downloads\PICKITMPLAB\VDK-11-5 (extract.me)\Bai5_TRAFFIC_UART\simulate_machine\simulate_machine.c
                   __pa_1   0x0033e6    program     static C:\Users\anhni\Downloads\PICKITMPLAB\VDK-11-5 (extract.me)\Bai5_TRAFFIC_UART\timer\timer.c
                   __pa_1   0x0017ae    program     static C:\Users\anhni\Downloads\PICKITMPLAB\VDK-11-5 (extract.me)\Bai5_TRAFFIC_UART\lcd\lcd.c
                   __pa_1   0x000eb4    program     static C:\Users\anhni\Downloads\PICKITMPLAB\VDK-11-5 (extract.me)\Bai5_TRAFFIC_UART\main.c
                   __pa_1   0x003584    program     static C:\Users\anhni\Downloads\PICKITMPLAB\VDK-11-5 (extract.me)\Bai5_TRAFFIC_UART\interrupt\interrupt.c
                   __pa_1   0x002b48    program     static C:\Users\anhni\Downloads\PICKITMPLAB\VDK-11-5 (extract.me)\Bai5_TRAFFIC_UART\uart\uart.c
                  __pa_10   0x003458    program     static C:\Users\anhni\Downloads\PICKITMPLAB\VDK-11-5 (extract.me)\Bai5_TRAFFIC_UART\timer\timer.c
                  __pa_10   0x002784    program     static C:\Users\anhni\Downloads\PICKITMPLAB\VDK-11-5 (extract.me)\Bai5_TRAFFIC_UART\simulate_machine\simulate_machine.c
                  __pa_10   0x000f0a    program     static C:\Users\anhni\Downloads\PICKITMPLAB\VDK-11-5 (extract.me)\Bai5_TRAFFIC_UART\main.c
                  __pa_10   0x001832    program     static C:\Users\anhni\Downloads\PICKITMPLAB\VDK-11-5 (extract.me)\Bai5_TRAFFIC_UART\lcd\lcd.c
                  __pa_10   0x002bc4    program     static C:\Users\anhni\Downloads\PICKITMPLAB\VDK-11-5 (extract.me)\Bai5_TRAFFIC_UART\uart\uart.c
                  __pa_10   0x002f04    program     static C:\Users\anhni\Downloads\PICKITMPLAB\VDK-11-5 (extract.me)\Bai5_TRAFFIC_UART\button_matrix\button.c
                  __pa_11   0x00184c    program     static C:\Users\anhni\Downloads\PICKITMPLAB\VDK-11-5 (extract.me)\Bai5_TRAFFIC_UART\lcd\lcd.c
                  __pa_11   0x002bd2    program     static C:\Users\anhni\Downloads\PICKITMPLAB\VDK-11-5 (extract.me)\Bai5_TRAFFIC_UART\uart\uart.c
                  __pa_11   0x00278c    program     static C:\Users\anhni\Downloads\PICKITMPLAB\VDK-11-5 (extract.me)\Bai5_TRAFFIC_UART\simulate_machine\simulate_machine.c
                  __pa_11   0x000f12    program     static C:\Users\anhni\Downloads\PICKITMPLAB\VDK-11-5 (extract.me)\Bai5_TRAFFIC_UART\main.c
                  __pa_11   0x002f0e    program     static C:\Users\anhni\Downloads\PICKITMPLAB\VDK-11-5 (extract.me)\Bai5_TRAFFIC_UART\button_matrix\button.c
                  __pa_12   0x001866    program     static C:\Users\anhni\Downloads\PICKITMPLAB\VDK-11-5 (extract.me)\Bai5_TRAFFIC_UART\lcd\lcd.c
                  __pa_12   0x000f1e    program     static C:\Users\anhni\Downloads\PICKITMPLAB\VDK-11-5 (extract.me)\Bai5_TRAFFIC_UART\main.c
                  __pa_12   0x002794    program     static C:\Users\anhni\Downloads\PICKITMPLAB\VDK-11-5 (extract.me)\Bai5_TRAFFIC_UART\simulate_machine\simulate_machine.c
                  __pa_12   0x002f16    program     static C:\Users\anhni\Downloads\PICKITMPLAB\VDK-11-5 (extract.me)\Bai5_TRAFFIC_UART\button_matrix\button.c
                  __pa_12   0x002be4    program     static C:\Users\anhni\Downloads\PICKITMPLAB\VDK-11-5 (extract.me)\Bai5_TRAFFIC_UART\uart\uart.c
                  __pa_13   0x00187e    program     static C:\Users\anhni\Downloads\PICKITMPLAB\VDK-11-5 (extract.me)\Bai5_TRAFFIC_UART\lcd\lcd.c
                  __pa_13   0x002f48    program     static C:\Users\anhni\Downloads\PICKITMPLAB\VDK-11-5 (extract.me)\Bai5_TRAFFIC_UART\button_matrix\button.c
                  __pa_13   0x00279e    program     static C:\Users\anhni\Downloads\PICKITMPLAB\VDK-11-5 (extract.me)\Bai5_TRAFFIC_UART\simulate_machine\simulate_machine.c
                  __pa_13   0x000f2c    program     static C:\Users\anhni\Downloads\PICKITMPLAB\VDK-11-5 (extract.me)\Bai5_TRAFFIC_UART\main.c
                  __pa_13   0x002bf6    program     static C:\Users\anhni\Downloads\PICKITMPLAB\VDK-11-5 (extract.me)\Bai5_TRAFFIC_UART\uart\uart.c
                  __pa_14   0x0027ae    program     static C:\Users\anhni\Downloads\PICKITMPLAB\VDK-11-5 (extract.me)\Bai5_TRAFFIC_UART\simulate_machine\simulate_machine.c
                  __pa_14   0x001896    program     static C:\Users\anhni\Downloads\PICKITMPLAB\VDK-11-5 (extract.me)\Bai5_TRAFFIC_UART\lcd\lcd.c
                  __pa_14   0x000f3a    program     static C:\Users\anhni\Downloads\PICKITMPLAB\VDK-11-5 (extract.me)\Bai5_TRAFFIC_UART\main.c
                  __pa_14   0x002f50    program     static C:\Users\anhni\Downloads\PICKITMPLAB\VDK-11-5 (extract.me)\Bai5_TRAFFIC_UART\button_matrix\button.c
                  __pa_15   0x000f4e    program     static C:\Users\anhni\Downloads\PICKITMPLAB\VDK-11-5 (extract.me)\Bai5_TRAFFIC_UART\main.c
                  __pa_15   0x002f5a    program     static C:\Users\anhni\Downloads\PICKITMPLAB\VDK-11-5 (extract.me)\Bai5_TRAFFIC_UART\button_matrix\button.c
                  __pa_15   0x0018ae    program     static C:\Users\anhni\Downloads\PICKITMPLAB\VDK-11-5 (extract.me)\Bai5_TRAFFIC_UART\lcd\lcd.c
                  __pa_15   0x0027b4    program     static C:\Users\anhni\Downloads\PICKITMPLAB\VDK-11-5 (extract.me)\Bai5_TRAFFIC_UART\simulate_machine\simulate_machine.c
                  __pa_16   0x0018be    program     static C:\Users\anhni\Downloads\PICKITMPLAB\VDK-11-5 (extract.me)\Bai5_TRAFFIC_UART\lcd\lcd.c
                  __pa_16   0x000f56    program     static C:\Users\anhni\Downloads\PICKITMPLAB\VDK-11-5 (extract.me)\Bai5_TRAFFIC_UART\main.c
                  __pa_16   0x002f64    program     static C:\Users\anhni\Downloads\PICKITMPLAB\VDK-11-5 (extract.me)\Bai5_TRAFFIC_UART\button_matrix\button.c
                  __pa_16   0x0027c0    program     static C:\Users\anhni\Downloads\PICKITMPLAB\VDK-11-5 (extract.me)\Bai5_TRAFFIC_UART\simulate_machine\simulate_machine.c
                  __pa_17   0x0018d0    program     static C:\Users\anhni\Downloads\PICKITMPLAB\VDK-11-5 (extract.me)\Bai5_TRAFFIC_UART\lcd\lcd.c
                  __pa_17   0x000f64    program     static C:\Users\anhni\Downloads\PICKITMPLAB\VDK-11-5 (extract.me)\Bai5_TRAFFIC_UART\main.c
                  __pa_17   0x0027e2    program     static C:\Users\anhni\Downloads\PICKITMPLAB\VDK-11-5 (extract.me)\Bai5_TRAFFIC_UART\simulate_machine\simulate_machine.c
                  __pa_18   0x000f72    program     static C:\Users\anhni\Downloads\PICKITMPLAB\VDK-11-5 (extract.me)\Bai5_TRAFFIC_UART\main.c
                  __pa_18   0x0018dc    program     static C:\Users\anhni\Downloads\PICKITMPLAB\VDK-11-5 (extract.me)\Bai5_TRAFFIC_UART\lcd\lcd.c
                  __pa_18   0x0027ec    program     static C:\Users\anhni\Downloads\PICKITMPLAB\VDK-11-5 (extract.me)\Bai5_TRAFFIC_UART\simulate_machine\simulate_machine.c
                  __pa_19   0x000f7a    program     static C:\Users\anhni\Downloads\PICKITMPLAB\VDK-11-5 (extract.me)\Bai5_TRAFFIC_UART\main.c
                  __pa_19   0x0018ee    program     static C:\Users\anhni\Downloads\PICKITMPLAB\VDK-11-5 (extract.me)\Bai5_TRAFFIC_UART\lcd\lcd.c
                  __pa_19   0x0027f8    program     static C:\Users\anhni\Downloads\PICKITMPLAB\VDK-11-5 (extract.me)\Bai5_TRAFFIC_UART\simulate_machine\simulate_machine.c
                   __pa_2   0x003196    program     static C:\Users\anhni\Downloads\PICKITMPLAB\VDK-11-5 (extract.me)\Bai5_TRAFFIC_UART\i2c\i2c.c
                   __pa_2   0x002e9e    program     static C:\Users\anhni\Downloads\PICKITMPLAB\VDK-11-5 (extract.me)\Bai5_TRAFFIC_UART\button_matrix\button.c
                   __pa_2   0x0033f0    program     static C:\Users\anhni\Downloads\PICKITMPLAB\VDK-11-5 (extract.me)\Bai5_TRAFFIC_UART\timer\timer.c
                   __pa_2   0x002b56    program     static C:\Users\anhni\Downloads\PICKITMPLAB\VDK-11-5 (extract.me)\Bai5_TRAFFIC_UART\uart\uart.c
                   __pa_2   0x0035aa    program     static C:\Users\anhni\Downloads\PICKITMPLAB\VDK-11-5 (extract.me)\Bai5_TRAFFIC_UART\interrupt\interrupt.c
                   __pa_2   0x00272e    program     static C:\Users\anhni\Downloads\PICKITMPLAB\VDK-11-5 (extract.me)\Bai5_TRAFFIC_UART\simulate_machine\simulate_machine.c
                   __pa_2   0x000ec2    program     static C:\Users\anhni\Downloads\PICKITMPLAB\VDK-11-5 (extract.me)\Bai5_TRAFFIC_UART\main.c
                   __pa_2   0x0017ba    program     static C:\Users\anhni\Downloads\PICKITMPLAB\VDK-11-5 (extract.me)\Bai5_TRAFFIC_UART\lcd\lcd.c
                  __pa_20   0x001900    program     static C:\Users\anhni\Downloads\PICKITMPLAB\VDK-11-5 (extract.me)\Bai5_TRAFFIC_UART\lcd\lcd.c
                  __pa_20   0x000f84    program     static C:\Users\anhni\Downloads\PICKITMPLAB\VDK-11-5 (extract.me)\Bai5_TRAFFIC_UART\main.c
                  __pa_20   0x00280a    program     static C:\Users\anhni\Downloads\PICKITMPLAB\VDK-11-5 (extract.me)\Bai5_TRAFFIC_UART\simulate_machine\simulate_machine.c
                  __pa_21   0x00190a    program     static C:\Users\anhni\Downloads\PICKITMPLAB\VDK-11-5 (extract.me)\Bai5_TRAFFIC_UART\lcd\lcd.c
                  __pa_21   0x002818    program     static C:\Users\anhni\Downloads\PICKITMPLAB\VDK-11-5 (extract.me)\Bai5_TRAFFIC_UART\simulate_machine\simulate_machine.c
                  __pa_21   0x000f8c    program     static C:\Users\anhni\Downloads\PICKITMPLAB\VDK-11-5 (extract.me)\Bai5_TRAFFIC_UART\main.c
                  __pa_22   0x000f9a    program     static C:\Users\anhni\Downloads\PICKITMPLAB\VDK-11-5 (extract.me)\Bai5_TRAFFIC_UART\main.c
                  __pa_22   0x002826    program     static C:\Users\anhni\Downloads\PICKITMPLAB\VDK-11-5 (extract.me)\Bai5_TRAFFIC_UART\simulate_machine\simulate_machine.c
                  __pa_22   0x001912    program     static C:\Users\anhni\Downloads\PICKITMPLAB\VDK-11-5 (extract.me)\Bai5_TRAFFIC_UART\lcd\lcd.c
                  __pa_23   0x00282a    program     static C:\Users\anhni\Downloads\PICKITMPLAB\VDK-11-5 (extract.me)\Bai5_TRAFFIC_UART\simulate_machine\simulate_machine.c
                  __pa_23   0x001920    program     static C:\Users\anhni\Downloads\PICKITMPLAB\VDK-11-5 (extract.me)\Bai5_TRAFFIC_UART\lcd\lcd.c
                  __pa_23   0x000fa8    program     static C:\Users\anhni\Downloads\PICKITMPLAB\VDK-11-5 (extract.me)\Bai5_TRAFFIC_UART\main.c
                  __pa_24   0x00192e    program     static C:\Users\anhni\Downloads\PICKITMPLAB\VDK-11-5 (extract.me)\Bai5_TRAFFIC_UART\lcd\lcd.c
                  __pa_24   0x000fb0    program     static C:\Users\anhni\Downloads\PICKITMPLAB\VDK-11-5 (extract.me)\Bai5_TRAFFIC_UART\main.c
                  __pa_24   0x002848    program     static C:\Users\anhni\Downloads\PICKITMPLAB\VDK-11-5 (extract.me)\Bai5_TRAFFIC_UART\simulate_machine\simulate_machine.c
                  __pa_25   0x000fbc    program     static C:\Users\anhni\Downloads\PICKITMPLAB\VDK-11-5 (extract.me)\Bai5_TRAFFIC_UART\main.c
                  __pa_25   0x00193c    program     static C:\Users\anhni\Downloads\PICKITMPLAB\VDK-11-5 (extract.me)\Bai5_TRAFFIC_UART\lcd\lcd.c
                  __pa_25   0x002852    program     static C:\Users\anhni\Downloads\PICKITMPLAB\VDK-11-5 (extract.me)\Bai5_TRAFFIC_UART\simulate_machine\simulate_machine.c
                  __pa_26   0x000fce    program     static C:\Users\anhni\Downloads\PICKITMPLAB\VDK-11-5 (extract.me)\Bai5_TRAFFIC_UART\main.c
                  __pa_26   0x001946    program     static C:\Users\anhni\Downloads\PICKITMPLAB\VDK-11-5 (extract.me)\Bai5_TRAFFIC_UART\lcd\lcd.c
                  __pa_26   0x00285a    program     static C:\Users\anhni\Downloads\PICKITMPLAB\VDK-11-5 (extract.me)\Bai5_TRAFFIC_UART\simulate_machine\simulate_machine.c
                  __pa_27   0x000fd8    program     static C:\Users\anhni\Downloads\PICKITMPLAB\VDK-11-5 (extract.me)\Bai5_TRAFFIC_UART\main.c
                  __pa_27   0x002862    program     static C:\Users\anhni\Downloads\PICKITMPLAB\VDK-11-5 (extract.me)\Bai5_TRAFFIC_UART\simulate_machine\simulate_machine.c
                  __pa_27   0x001958    program     static C:\Users\anhni\Downloads\PICKITMPLAB\VDK-11-5 (extract.me)\Bai5_TRAFFIC_UART\lcd\lcd.c
                  __pa_28   0x00286c    program     static C:\Users\anhni\Downloads\PICKITMPLAB\VDK-11-5 (extract.me)\Bai5_TRAFFIC_UART\simulate_machine\simulate_machine.c
                  __pa_28   0x001964    program     static C:\Users\anhni\Downloads\PICKITMPLAB\VDK-11-5 (extract.me)\Bai5_TRAFFIC_UART\lcd\lcd.c
                  __pa_28   0x000fe2    program     static C:\Users\anhni\Downloads\PICKITMPLAB\VDK-11-5 (extract.me)\Bai5_TRAFFIC_UART\main.c
                  __pa_29   0x001970    program     static C:\Users\anhni\Downloads\PICKITMPLAB\VDK-11-5 (extract.me)\Bai5_TRAFFIC_UART\lcd\lcd.c
                  __pa_29   0x002872    program     static C:\Users\anhni\Downloads\PICKITMPLAB\VDK-11-5 (extract.me)\Bai5_TRAFFIC_UART\simulate_machine\simulate_machine.c
                  __pa_29   0x000fec    program     static C:\Users\anhni\Downloads\PICKITMPLAB\VDK-11-5 (extract.me)\Bai5_TRAFFIC_UART\main.c
                   __pa_3   0x00319e    program     static C:\Users\anhni\Downloads\PICKITMPLAB\VDK-11-5 (extract.me)\Bai5_TRAFFIC_UART\i2c\i2c.c
                   __pa_3   0x002eb0    program     static C:\Users\anhni\Downloads\PICKITMPLAB\VDK-11-5 (extract.me)\Bai5_TRAFFIC_UART\button_matrix\button.c
                   __pa_3   0x002b60    program     static C:\Users\anhni\Downloads\PICKITMPLAB\VDK-11-5 (extract.me)\Bai5_TRAFFIC_UART\uart\uart.c
                   __pa_3   0x0035b8    program     static C:\Users\anhni\Downloads\PICKITMPLAB\VDK-11-5 (extract.me)\Bai5_TRAFFIC_UART\interrupt\interrupt.c
                   __pa_3   0x000ec6    program     static C:\Users\anhni\Downloads\PICKITMPLAB\VDK-11-5 (extract.me)\Bai5_TRAFFIC_UART\main.c
                   __pa_3   0x0017c8    program     static C:\Users\anhni\Downloads\PICKITMPLAB\VDK-11-5 (extract.me)\Bai5_TRAFFIC_UART\lcd\lcd.c
                   __pa_3   0x0033f8    program     static C:\Users\anhni\Downloads\PICKITMPLAB\VDK-11-5 (extract.me)\Bai5_TRAFFIC_UART\timer\timer.c
                   __pa_3   0x00273a    program     static C:\Users\anhni\Downloads\PICKITMPLAB\VDK-11-5 (extract.me)\Bai5_TRAFFIC_UART\simulate_machine\simulate_machine.c
                  __pa_30   0x000ffc    program     static C:\Users\anhni\Downloads\PICKITMPLAB\VDK-11-5 (extract.me)\Bai5_TRAFFIC_UART\main.c
                  __pa_30   0x00287c    program     static C:\Users\anhni\Downloads\PICKITMPLAB\VDK-11-5 (extract.me)\Bai5_TRAFFIC_UART\simulate_machine\simulate_machine.c
                  __pa_30   0x00197c    program     static C:\Users\anhni\Downloads\PICKITMPLAB\VDK-11-5 (extract.me)\Bai5_TRAFFIC_UART\lcd\lcd.c
                  __pa_31   0x001004    program     static C:\Users\anhni\Downloads\PICKITMPLAB\VDK-11-5 (extract.me)\Bai5_TRAFFIC_UART\main.c
                  __pa_31   0x001986    program     static C:\Users\anhni\Downloads\PICKITMPLAB\VDK-11-5 (extract.me)\Bai5_TRAFFIC_UART\lcd\lcd.c
                  __pa_32   0x001998    program     static C:\Users\anhni\Downloads\PICKITMPLAB\VDK-11-5 (extract.me)\Bai5_TRAFFIC_UART\lcd\lcd.c
                  __pa_32   0x001012    program     static C:\Users\anhni\Downloads\PICKITMPLAB\VDK-11-5 (extract.me)\Bai5_TRAFFIC_UART\main.c
                  __pa_33   0x0019ae    program     static C:\Users\anhni\Downloads\PICKITMPLAB\VDK-11-5 (extract.me)\Bai5_TRAFFIC_UART\lcd\lcd.c
                  __pa_33   0x00101e    program     static C:\Users\anhni\Downloads\PICKITMPLAB\VDK-11-5 (extract.me)\Bai5_TRAFFIC_UART\main.c
                  __pa_34   0x0019c4    program     static C:\Users\anhni\Downloads\PICKITMPLAB\VDK-11-5 (extract.me)\Bai5_TRAFFIC_UART\lcd\lcd.c
                  __pa_34   0x00102a    program     static C:\Users\anhni\Downloads\PICKITMPLAB\VDK-11-5 (extract.me)\Bai5_TRAFFIC_UART\main.c
                  __pa_35   0x001034    program     static C:\Users\anhni\Downloads\PICKITMPLAB\VDK-11-5 (extract.me)\Bai5_TRAFFIC_UART\main.c
                  __pa_35   0x0019cc    program     static C:\Users\anhni\Downloads\PICKITMPLAB\VDK-11-5 (extract.me)\Bai5_TRAFFIC_UART\lcd\lcd.c
                  __pa_36   0x00103e    program     static C:\Users\anhni\Downloads\PICKITMPLAB\VDK-11-5 (extract.me)\Bai5_TRAFFIC_UART\main.c
                  __pa_36   0x0019d6    program     static C:\Users\anhni\Downloads\PICKITMPLAB\VDK-11-5 (extract.me)\Bai5_TRAFFIC_UART\lcd\lcd.c
                  __pa_37   0x001046    program     static C:\Users\anhni\Downloads\PICKITMPLAB\VDK-11-5 (extract.me)\Bai5_TRAFFIC_UART\main.c
                  __pa_37   0x0019e4    program     static C:\Users\anhni\Downloads\PICKITMPLAB\VDK-11-5 (extract.me)\Bai5_TRAFFIC_UART\lcd\lcd.c
                  __pa_38   0x00104e    program     static C:\Users\anhni\Downloads\PICKITMPLAB\VDK-11-5 (extract.me)\Bai5_TRAFFIC_UART\main.c
                  __pa_38   0x0019ee    program     static C:\Users\anhni\Downloads\PICKITMPLAB\VDK-11-5 (extract.me)\Bai5_TRAFFIC_UART\lcd\lcd.c
                  __pa_39   0x001a00    program     static C:\Users\anhni\Downloads\PICKITMPLAB\VDK-11-5 (extract.me)\Bai5_TRAFFIC_UART\lcd\lcd.c
                  __pa_39   0x001056    program     static C:\Users\anhni\Downloads\PICKITMPLAB\VDK-11-5 (extract.me)\Bai5_TRAFFIC_UART\main.c
                   __pa_4   0x0031b6    program     static C:\Users\anhni\Downloads\PICKITMPLAB\VDK-11-5 (extract.me)\Bai5_TRAFFIC_UART\i2c\i2c.c
                   __pa_4   0x003400    program     static C:\Users\anhni\Downloads\PICKITMPLAB\VDK-11-5 (extract.me)\Bai5_TRAFFIC_UART\timer\timer.c
                   __pa_4   0x002ec2    program     static C:\Users\anhni\Downloads\PICKITMPLAB\VDK-11-5 (extract.me)\Bai5_TRAFFIC_UART\button_matrix\button.c
                   __pa_4   0x002748    program     static C:\Users\anhni\Downloads\PICKITMPLAB\VDK-11-5 (extract.me)\Bai5_TRAFFIC_UART\simulate_machine\simulate_machine.c
                   __pa_4   0x0035c6    program     static C:\Users\anhni\Downloads\PICKITMPLAB\VDK-11-5 (extract.me)\Bai5_TRAFFIC_UART\interrupt\interrupt.c
                   __pa_4   0x0017d2    program     static C:\Users\anhni\Downloads\PICKITMPLAB\VDK-11-5 (extract.me)\Bai5_TRAFFIC_UART\lcd\lcd.c
                   __pa_4   0x000ece    program     static C:\Users\anhni\Downloads\PICKITMPLAB\VDK-11-5 (extract.me)\Bai5_TRAFFIC_UART\main.c
                   __pa_4   0x002b68    program     static C:\Users\anhni\Downloads\PICKITMPLAB\VDK-11-5 (extract.me)\Bai5_TRAFFIC_UART\uart\uart.c
                  __pa_40   0x001060    program     static C:\Users\anhni\Downloads\PICKITMPLAB\VDK-11-5 (extract.me)\Bai5_TRAFFIC_UART\main.c
                  __pa_40   0x001a12    program     static C:\Users\anhni\Downloads\PICKITMPLAB\VDK-11-5 (extract.me)\Bai5_TRAFFIC_UART\lcd\lcd.c
                  __pa_41   0x0010a4    program     static C:\Users\anhni\Downloads\PICKITMPLAB\VDK-11-5 (extract.me)\Bai5_TRAFFIC_UART\main.c
                  __pa_41   0x001a24    program     static C:\Users\anhni\Downloads\PICKITMPLAB\VDK-11-5 (extract.me)\Bai5_TRAFFIC_UART\lcd\lcd.c
                  __pa_42   0x0010ca    program     static C:\Users\anhni\Downloads\PICKITMPLAB\VDK-11-5 (extract.me)\Bai5_TRAFFIC_UART\main.c
                  __pa_42   0x001a2e    program     static C:\Users\anhni\Downloads\PICKITMPLAB\VDK-11-5 (extract.me)\Bai5_TRAFFIC_UART\lcd\lcd.c
                  __pa_43   0x0010d8    program     static C:\Users\anhni\Downloads\PICKITMPLAB\VDK-11-5 (extract.me)\Bai5_TRAFFIC_UART\main.c
                  __pa_43   0x001a38    program     static C:\Users\anhni\Downloads\PICKITMPLAB\VDK-11-5 (extract.me)\Bai5_TRAFFIC_UART\lcd\lcd.c
                  __pa_44   0x0010e2    program     static C:\Users\anhni\Downloads\PICKITMPLAB\VDK-11-5 (extract.me)\Bai5_TRAFFIC_UART\main.c
                  __pa_44   0x001a3e    program     static C:\Users\anhni\Downloads\PICKITMPLAB\VDK-11-5 (extract.me)\Bai5_TRAFFIC_UART\lcd\lcd.c
                  __pa_45   0x001a4a    program     static C:\Users\anhni\Downloads\PICKITMPLAB\VDK-11-5 (extract.me)\Bai5_TRAFFIC_UART\lcd\lcd.c
                  __pa_45   0x0010ec    program     static C:\Users\anhni\Downloads\PICKITMPLAB\VDK-11-5 (extract.me)\Bai5_TRAFFIC_UART\main.c
                  __pa_46   0x001a56    program     static C:\Users\anhni\Downloads\PICKITMPLAB\VDK-11-5 (extract.me)\Bai5_TRAFFIC_UART\lcd\lcd.c
                  __pa_46   0x001102    program     static C:\Users\anhni\Downloads\PICKITMPLAB\VDK-11-5 (extract.me)\Bai5_TRAFFIC_UART\main.c
                  __pa_47   0x001a5e    program     static C:\Users\anhni\Downloads\PICKITMPLAB\VDK-11-5 (extract.me)\Bai5_TRAFFIC_UART\lcd\lcd.c
                  __pa_47   0x00110a    program     static C:\Users\anhni\Downloads\PICKITMPLAB\VDK-11-5 (extract.me)\Bai5_TRAFFIC_UART\main.c
                  __pa_48   0x001a66    program     static C:\Users\anhni\Downloads\PICKITMPLAB\VDK-11-5 (extract.me)\Bai5_TRAFFIC_UART\lcd\lcd.c
                  __pa_48   0x001110    program     static C:\Users\anhni\Downloads\PICKITMPLAB\VDK-11-5 (extract.me)\Bai5_TRAFFIC_UART\main.c
                  __pa_49   0x00111e    program     static C:\Users\anhni\Downloads\PICKITMPLAB\VDK-11-5 (extract.me)\Bai5_TRAFFIC_UART\main.c
                   __pa_5   0x0017da    program     static C:\Users\anhni\Downloads\PICKITMPLAB\VDK-11-5 (extract.me)\Bai5_TRAFFIC_UART\lcd\lcd.c
                   __pa_5   0x002ed6    program     static C:\Users\anhni\Downloads\PICKITMPLAB\VDK-11-5 (extract.me)\Bai5_TRAFFIC_UART\button_matrix\button.c
                   __pa_5   0x0031c8    program     static C:\Users\anhni\Downloads\PICKITMPLAB\VDK-11-5 (extract.me)\Bai5_TRAFFIC_UART\i2c\i2c.c
                   __pa_5   0x0035d4    program     static C:\Users\anhni\Downloads\PICKITMPLAB\VDK-11-5 (extract.me)\Bai5_TRAFFIC_UART\interrupt\interrupt.c
                   __pa_5   0x002b76    program     static C:\Users\anhni\Downloads\PICKITMPLAB\VDK-11-5 (extract.me)\Bai5_TRAFFIC_UART\uart\uart.c
                   __pa_5   0x000ed6    program     static C:\Users\anhni\Downloads\PICKITMPLAB\VDK-11-5 (extract.me)\Bai5_TRAFFIC_UART\main.c
                   __pa_5   0x002756    program     static C:\Users\anhni\Downloads\PICKITMPLAB\VDK-11-5 (extract.me)\Bai5_TRAFFIC_UART\simulate_machine\simulate_machine.c
                   __pa_5   0x003410    program     static C:\Users\anhni\Downloads\PICKITMPLAB\VDK-11-5 (extract.me)\Bai5_TRAFFIC_UART\timer\timer.c
                  __pa_50   0x00112c    program     static C:\Users\anhni\Downloads\PICKITMPLAB\VDK-11-5 (extract.me)\Bai5_TRAFFIC_UART\main.c
                  __pa_51   0x001136    program     static C:\Users\anhni\Downloads\PICKITMPLAB\VDK-11-5 (extract.me)\Bai5_TRAFFIC_UART\main.c
                  __pa_52   0x001140    program     static C:\Users\anhni\Downloads\PICKITMPLAB\VDK-11-5 (extract.me)\Bai5_TRAFFIC_UART\main.c
                  __pa_53   0x001148    program     static C:\Users\anhni\Downloads\PICKITMPLAB\VDK-11-5 (extract.me)\Bai5_TRAFFIC_UART\main.c
                  __pa_54   0x001186    program     static C:\Users\anhni\Downloads\PICKITMPLAB\VDK-11-5 (extract.me)\Bai5_TRAFFIC_UART\main.c
                  __pa_55   0x0011a2    program     static C:\Users\anhni\Downloads\PICKITMPLAB\VDK-11-5 (extract.me)\Bai5_TRAFFIC_UART\main.c
                  __pa_56   0x0011ba    program     static C:\Users\anhni\Downloads\PICKITMPLAB\VDK-11-5 (extract.me)\Bai5_TRAFFIC_UART\main.c
                  __pa_57   0x0011c2    program     static C:\Users\anhni\Downloads\PICKITMPLAB\VDK-11-5 (extract.me)\Bai5_TRAFFIC_UART\main.c
                  __pa_58   0x0011d4    program     static C:\Users\anhni\Downloads\PICKITMPLAB\VDK-11-5 (extract.me)\Bai5_TRAFFIC_UART\main.c
                  __pa_59   0x0011e0    program     static C:\Users\anhni\Downloads\PICKITMPLAB\VDK-11-5 (extract.me)\Bai5_TRAFFIC_UART\main.c
                   __pa_6   0x002760    program     static C:\Users\anhni\Downloads\PICKITMPLAB\VDK-11-5 (extract.me)\Bai5_TRAFFIC_UART\simulate_machine\simulate_machine.c
                   __pa_6   0x002ee0    program     static C:\Users\anhni\Downloads\PICKITMPLAB\VDK-11-5 (extract.me)\Bai5_TRAFFIC_UART\button_matrix\button.c
                   __pa_6   0x0017e4    program     static C:\Users\anhni\Downloads\PICKITMPLAB\VDK-11-5 (extract.me)\Bai5_TRAFFIC_UART\lcd\lcd.c
                   __pa_6   0x000edc    program     static C:\Users\anhni\Downloads\PICKITMPLAB\VDK-11-5 (extract.me)\Bai5_TRAFFIC_UART\main.c
                   __pa_6   0x003420    program     static C:\Users\anhni\Downloads\PICKITMPLAB\VDK-11-5 (extract.me)\Bai5_TRAFFIC_UART\timer\timer.c
                   __pa_6   0x0031d8    program     static C:\Users\anhni\Downloads\PICKITMPLAB\VDK-11-5 (extract.me)\Bai5_TRAFFIC_UART\i2c\i2c.c
                   __pa_6   0x002b7e    program     static C:\Users\anhni\Downloads\PICKITMPLAB\VDK-11-5 (extract.me)\Bai5_TRAFFIC_UART\uart\uart.c
                  __pa_60   0x0011ec    program     static C:\Users\anhni\Downloads\PICKITMPLAB\VDK-11-5 (extract.me)\Bai5_TRAFFIC_UART\main.c
                   __pa_7   0x002768    program     static C:\Users\anhni\Downloads\PICKITMPLAB\VDK-11-5 (extract.me)\Bai5_TRAFFIC_UART\simulate_machine\simulate_machine.c
                   __pa_7   0x002b90    program     static C:\Users\anhni\Downloads\PICKITMPLAB\VDK-11-5 (extract.me)\Bai5_TRAFFIC_UART\uart\uart.c
                   __pa_7   0x0031e4    program     static C:\Users\anhni\Downloads\PICKITMPLAB\VDK-11-5 (extract.me)\Bai5_TRAFFIC_UART\i2c\i2c.c
                   __pa_7   0x00342e    program     static C:\Users\anhni\Downloads\PICKITMPLAB\VDK-11-5 (extract.me)\Bai5_TRAFFIC_UART\timer\timer.c
                   __pa_7   0x0017f6    program     static C:\Users\anhni\Downloads\PICKITMPLAB\VDK-11-5 (extract.me)\Bai5_TRAFFIC_UART\lcd\lcd.c
                   __pa_7   0x002eea    program     static C:\Users\anhni\Downloads\PICKITMPLAB\VDK-11-5 (extract.me)\Bai5_TRAFFIC_UART\button_matrix\button.c
                   __pa_7   0x000ee8    program     static C:\Users\anhni\Downloads\PICKITMPLAB\VDK-11-5 (extract.me)\Bai5_TRAFFIC_UART\main.c
                   __pa_8   0x002ba2    program     static C:\Users\anhni\Downloads\PICKITMPLAB\VDK-11-5 (extract.me)\Bai5_TRAFFIC_UART\uart\uart.c
                   __pa_8   0x0031f0    program     static C:\Users\anhni\Downloads\PICKITMPLAB\VDK-11-5 (extract.me)\Bai5_TRAFFIC_UART\i2c\i2c.c
                   __pa_8   0x001814    program     static C:\Users\anhni\Downloads\PICKITMPLAB\VDK-11-5 (extract.me)\Bai5_TRAFFIC_UART\lcd\lcd.c
                   __pa_8   0x002772    program     static C:\Users\anhni\Downloads\PICKITMPLAB\VDK-11-5 (extract.me)\Bai5_TRAFFIC_UART\simulate_machine\simulate_machine.c
                   __pa_8   0x002ef4    program     static C:\Users\anhni\Downloads\PICKITMPLAB\VDK-11-5 (extract.me)\Bai5_TRAFFIC_UART\button_matrix\button.c
                   __pa_8   0x00343c    program     static C:\Users\anhni\Downloads\PICKITMPLAB\VDK-11-5 (extract.me)\Bai5_TRAFFIC_UART\timer\timer.c
                   __pa_8   0x000ef6    program     static C:\Users\anhni\Downloads\PICKITMPLAB\VDK-11-5 (extract.me)\Bai5_TRAFFIC_UART\main.c
                   __pa_9   0x00344a    program     static C:\Users\anhni\Downloads\PICKITMPLAB\VDK-11-5 (extract.me)\Bai5_TRAFFIC_UART\timer\timer.c
                   __pa_9   0x00277e    program     static C:\Users\anhni\Downloads\PICKITMPLAB\VDK-11-5 (extract.me)\Bai5_TRAFFIC_UART\simulate_machine\simulate_machine.c
                   __pa_9   0x0031fa    program     static C:\Users\anhni\Downloads\PICKITMPLAB\VDK-11-5 (extract.me)\Bai5_TRAFFIC_UART\i2c\i2c.c
                   __pa_9   0x002bb4    program     static C:\Users\anhni\Downloads\PICKITMPLAB\VDK-11-5 (extract.me)\Bai5_TRAFFIC_UART\uart\uart.c
                   __pa_9   0x00181a    program     static C:\Users\anhni\Downloads\PICKITMPLAB\VDK-11-5 (extract.me)\Bai5_TRAFFIC_UART\lcd\lcd.c
                   __pa_9   0x002efc    program     static C:\Users\anhni\Downloads\PICKITMPLAB\VDK-11-5 (extract.me)\Bai5_TRAFFIC_UART\button_matrix\button.c
                   __pa_9   0x000f02    program     static C:\Users\anhni\Downloads\PICKITMPLAB\VDK-11-5 (extract.me)\Bai5_TRAFFIC_UART\main.c
               __string_0   0x00223e    program     static C:\Users\anhni\Downloads\PICKITMPLAB\VDK-11-5 (extract.me)\Bai5_TRAFFIC_UART\simulate_machine\simulate_machine.c
               __string_0   0x001d27    program     static C:\Users\anhni\Downloads\PICKITMPLAB\VDK-11-5 (extract.me)\Bai5_TRAFFIC_UART\main.c
               __string_1   0x00223b    program     static C:\Users\anhni\Downloads\PICKITMPLAB\VDK-11-5 (extract.me)\Bai5_TRAFFIC_UART\simulate_machine\simulate_machine.c
               __string_1   0x001d19    program     static C:\Users\anhni\Downloads\PICKITMPLAB\VDK-11-5 (extract.me)\Bai5_TRAFFIC_UART\main.c
              __string_10   0x002126    program     static C:\Users\anhni\Downloads\PICKITMPLAB\VDK-11-5 (extract.me)\Bai5_TRAFFIC_UART\simulate_machine\simulate_machine.c
              __string_10   0x001c92    program     static C:\Users\anhni\Downloads\PICKITMPLAB\VDK-11-5 (extract.me)\Bai5_TRAFFIC_UART\main.c
              __string_11   0x00210d    program     static C:\Users\anhni\Downloads\PICKITMPLAB\VDK-11-5 (extract.me)\Bai5_TRAFFIC_UART\simulate_machine\simulate_machine.c
              __string_11   0x001c81    program     static C:\Users\anhni\Downloads\PICKITMPLAB\VDK-11-5 (extract.me)\Bai5_TRAFFIC_UART\main.c
              __string_12   0x0020e5    program     static C:\Users\anhni\Downloads\PICKITMPLAB\VDK-11-5 (extract.me)\Bai5_TRAFFIC_UART\simulate_machine\simulate_machine.c
              __string_12   0x001c70    program     static C:\Users\anhni\Downloads\PICKITMPLAB\VDK-11-5 (extract.me)\Bai5_TRAFFIC_UART\main.c
              __string_13   0x0020d3    program     static C:\Users\anhni\Downloads\PICKITMPLAB\VDK-11-5 (extract.me)\Bai5_TRAFFIC_UART\simulate_machine\simulate_machine.c
              __string_13   0x001c6c    program     static C:\Users\anhni\Downloads\PICKITMPLAB\VDK-11-5 (extract.me)\Bai5_TRAFFIC_UART\main.c
              __string_14   0x001c68    program     static C:\Users\anhni\Downloads\PICKITMPLAB\VDK-11-5 (extract.me)\Bai5_TRAFFIC_UART\main.c
              __string_14   0x0020cf    program     static C:\Users\anhni\Downloads\PICKITMPLAB\VDK-11-5 (extract.me)\Bai5_TRAFFIC_UART\simulate_machine\simulate_machine.c
              __string_15   0x001c64    program     static C:\Users\anhni\Downloads\PICKITMPLAB\VDK-11-5 (extract.me)\Bai5_TRAFFIC_UART\main.c
              __string_15   0x0020c1    program     static C:\Users\anhni\Downloads\PICKITMPLAB\VDK-11-5 (extract.me)\Bai5_TRAFFIC_UART\simulate_machine\simulate_machine.c
              __string_16   0x0020a0    program     static C:\Users\anhni\Downloads\PICKITMPLAB\VDK-11-5 (extract.me)\Bai5_TRAFFIC_UART\simulate_machine\simulate_machine.c
              __string_16   0x001c60    program     static C:\Users\anhni\Downloads\PICKITMPLAB\VDK-11-5 (extract.me)\Bai5_TRAFFIC_UART\main.c
              __string_17   0x00207a    program     static C:\Users\anhni\Downloads\PICKITMPLAB\VDK-11-5 (extract.me)\Bai5_TRAFFIC_UART\simulate_machine\simulate_machine.c
              __string_17   0x001c47    program     static C:\Users\anhni\Downloads\PICKITMPLAB\VDK-11-5 (extract.me)\Bai5_TRAFFIC_UART\main.c
              __string_18   0x002067    program     static C:\Users\anhni\Downloads\PICKITMPLAB\VDK-11-5 (extract.me)\Bai5_TRAFFIC_UART\simulate_machine\simulate_machine.c
              __string_18   0x001c2a    program     static C:\Users\anhni\Downloads\PICKITMPLAB\VDK-11-5 (extract.me)\Bai5_TRAFFIC_UART\main.c
              __string_19   0x00205c    program     static C:\Users\anhni\Downloads\PICKITMPLAB\VDK-11-5 (extract.me)\Bai5_TRAFFIC_UART\simulate_machine\simulate_machine.c
              __string_19   0x001c19    program     static C:\Users\anhni\Downloads\PICKITMPLAB\VDK-11-5 (extract.me)\Bai5_TRAFFIC_UART\main.c
               __string_2   0x001d0a    program     static C:\Users\anhni\Downloads\PICKITMPLAB\VDK-11-5 (extract.me)\Bai5_TRAFFIC_UART\main.c
               __string_2   0x002227    program     static C:\Users\anhni\Downloads\PICKITMPLAB\VDK-11-5 (extract.me)\Bai5_TRAFFIC_UART\simulate_machine\simulate_machine.c
              __string_20   0x001c0d    program     static C:\Users\anhni\Downloads\PICKITMPLAB\VDK-11-5 (extract.me)\Bai5_TRAFFIC_UART\main.c
              __string_20   0x002058    program     static C:\Users\anhni\Downloads\PICKITMPLAB\VDK-11-5 (extract.me)\Bai5_TRAFFIC_UART\simulate_machine\simulate_machine.c
              __string_21   0x001c07    program     static C:\Users\anhni\Downloads\PICKITMPLAB\VDK-11-5 (extract.me)\Bai5_TRAFFIC_UART\main.c
              __string_21   0x00203b    program     static C:\Users\anhni\Downloads\PICKITMPLAB\VDK-11-5 (extract.me)\Bai5_TRAFFIC_UART\simulate_machine\simulate_machine.c
              __string_22   0x001c04    program     static C:\Users\anhni\Downloads\PICKITMPLAB\VDK-11-5 (extract.me)\Bai5_TRAFFIC_UART\main.c
              __string_22   0x002015    program     static C:\Users\anhni\Downloads\PICKITMPLAB\VDK-11-5 (extract.me)\Bai5_TRAFFIC_UART\simulate_machine\simulate_machine.c
              __string_23   0x001bfe    program     static C:\Users\anhni\Downloads\PICKITMPLAB\VDK-11-5 (extract.me)\Bai5_TRAFFIC_UART\main.c
              __string_23   0x00200a    program     static C:\Users\anhni\Downloads\PICKITMPLAB\VDK-11-5 (extract.me)\Bai5_TRAFFIC_UART\simulate_machine\simulate_machine.c
              __string_24   0x002006    program     static C:\Users\anhni\Downloads\PICKITMPLAB\VDK-11-5 (extract.me)\Bai5_TRAFFIC_UART\simulate_machine\simulate_machine.c
              __string_24   0x001bfc    program     static C:\Users\anhni\Downloads\PICKITMPLAB\VDK-11-5 (extract.me)\Bai5_TRAFFIC_UART\main.c
              __string_25   0x001ff4    program     static C:\Users\anhni\Downloads\PICKITMPLAB\VDK-11-5 (extract.me)\Bai5_TRAFFIC_UART\simulate_machine\simulate_machine.c
              __string_25   0x001bee    program     static C:\Users\anhni\Downloads\PICKITMPLAB\VDK-11-5 (extract.me)\Bai5_TRAFFIC_UART\main.c
              __string_26   0x001fec    program     static C:\Users\anhni\Downloads\PICKITMPLAB\VDK-11-5 (extract.me)\Bai5_TRAFFIC_UART\simulate_machine\simulate_machine.c
              __string_26   0x001bdf    program     static C:\Users\anhni\Downloads\PICKITMPLAB\VDK-11-5 (extract.me)\Bai5_TRAFFIC_UART\main.c
              __string_27   0x001fc6    program     static C:\Users\anhni\Downloads\PICKITMPLAB\VDK-11-5 (extract.me)\Bai5_TRAFFIC_UART\simulate_machine\simulate_machine.c
              __string_27   0x001bd0    program     static C:\Users\anhni\Downloads\PICKITMPLAB\VDK-11-5 (extract.me)\Bai5_TRAFFIC_UART\main.c
              __string_28   0x001fbb    program     static C:\Users\anhni\Downloads\PICKITMPLAB\VDK-11-5 (extract.me)\Bai5_TRAFFIC_UART\simulate_machine\simulate_machine.c
              __string_28   0x001bc1    program     static C:\Users\anhni\Downloads\PICKITMPLAB\VDK-11-5 (extract.me)\Bai5_TRAFFIC_UART\main.c
              __string_29   0x001fb7    program     static C:\Users\anhni\Downloads\PICKITMPLAB\VDK-11-5 (extract.me)\Bai5_TRAFFIC_UART\simulate_machine\simulate_machine.c
              __string_29   0x001bb1    program     static C:\Users\anhni\Downloads\PICKITMPLAB\VDK-11-5 (extract.me)\Bai5_TRAFFIC_UART\main.c
               __string_3   0x002201    program     static C:\Users\anhni\Downloads\PICKITMPLAB\VDK-11-5 (extract.me)\Bai5_TRAFFIC_UART\simulate_machine\simulate_machine.c
               __string_3   0x001cf9    program     static C:\Users\anhni\Downloads\PICKITMPLAB\VDK-11-5 (extract.me)\Bai5_TRAFFIC_UART\main.c
              __string_30   0x001ba0    program     static C:\Users\anhni\Downloads\PICKITMPLAB\VDK-11-5 (extract.me)\Bai5_TRAFFIC_UART\main.c
              __string_30   0x001fb3    program     static C:\Users\anhni\Downloads\PICKITMPLAB\VDK-11-5 (extract.me)\Bai5_TRAFFIC_UART\simulate_machine\simulate_machine.c
              __string_31   0x001f83    program     static C:\Users\anhni\Downloads\PICKITMPLAB\VDK-11-5 (extract.me)\Bai5_TRAFFIC_UART\simulate_machine\simulate_machine.c
              __string_31   0x001b9a    program     static C:\Users\anhni\Downloads\PICKITMPLAB\VDK-11-5 (extract.me)\Bai5_TRAFFIC_UART\main.c
              __string_32   0x001f5d    program     static C:\Users\anhni\Downloads\PICKITMPLAB\VDK-11-5 (extract.me)\Bai5_TRAFFIC_UART\simulate_machine\simulate_machine.c
              __string_32   0x001b89    program     static C:\Users\anhni\Downloads\PICKITMPLAB\VDK-11-5 (extract.me)\Bai5_TRAFFIC_UART\main.c
              __string_33   0x001b7b    program     static C:\Users\anhni\Downloads\PICKITMPLAB\VDK-11-5 (extract.me)\Bai5_TRAFFIC_UART\main.c
              __string_33   0x001f52    program     static C:\Users\anhni\Downloads\PICKITMPLAB\VDK-11-5 (extract.me)\Bai5_TRAFFIC_UART\simulate_machine\simulate_machine.c
              __string_34   0x001b7a    program     static C:\Users\anhni\Downloads\PICKITMPLAB\VDK-11-5 (extract.me)\Bai5_TRAFFIC_UART\main.c
              __string_34   0x001f4e    program     static C:\Users\anhni\Downloads\PICKITMPLAB\VDK-11-5 (extract.me)\Bai5_TRAFFIC_UART\simulate_machine\simulate_machine.c
              __string_35   0x001f40    program     static C:\Users\anhni\Downloads\PICKITMPLAB\VDK-11-5 (extract.me)\Bai5_TRAFFIC_UART\simulate_machine\simulate_machine.c
              __string_35   0x001b6a    program     static C:\Users\anhni\Downloads\PICKITMPLAB\VDK-11-5 (extract.me)\Bai5_TRAFFIC_UART\main.c
              __string_36   0x001b5a    program     static C:\Users\anhni\Downloads\PICKITMPLAB\VDK-11-5 (extract.me)\Bai5_TRAFFIC_UART\main.c
              __string_36   0x001f1f    program     static C:\Users\anhni\Downloads\PICKITMPLAB\VDK-11-5 (extract.me)\Bai5_TRAFFIC_UART\simulate_machine\simulate_machine.c
              __string_37   0x001ef9    program     static C:\Users\anhni\Downloads\PICKITMPLAB\VDK-11-5 (extract.me)\Bai5_TRAFFIC_UART\simulate_machine\simulate_machine.c
              __string_37   0x001b4a    program     static C:\Users\anhni\Downloads\PICKITMPLAB\VDK-11-5 (extract.me)\Bai5_TRAFFIC_UART\main.c
              __string_38   0x001eee    program     static C:\Users\anhni\Downloads\PICKITMPLAB\VDK-11-5 (extract.me)\Bai5_TRAFFIC_UART\simulate_machine\simulate_machine.c
              __string_38   0x001b3a    program     static C:\Users\anhni\Downloads\PICKITMPLAB\VDK-11-5 (extract.me)\Bai5_TRAFFIC_UART\main.c
              __string_39   0x001eea    program     static C:\Users\anhni\Downloads\PICKITMPLAB\VDK-11-5 (extract.me)\Bai5_TRAFFIC_UART\simulate_machine\simulate_machine.c
              __string_39   0x001b29    program     static C:\Users\anhni\Downloads\PICKITMPLAB\VDK-11-5 (extract.me)\Bai5_TRAFFIC_UART\main.c
               __string_4   0x0021e1    program     static C:\Users\anhni\Downloads\PICKITMPLAB\VDK-11-5 (extract.me)\Bai5_TRAFFIC_UART\simulate_machine\simulate_machine.c
               __string_4   0x001ceb    program     static C:\Users\anhni\Downloads\PICKITMPLAB\VDK-11-5 (extract.me)\Bai5_TRAFFIC_UART\main.c
              __string_40   0x001ecd    program     static C:\Users\anhni\Downloads\PICKITMPLAB\VDK-11-5 (extract.me)\Bai5_TRAFFIC_UART\simulate_machine\simulate_machine.c
              __string_40   0x001b17    program     static C:\Users\anhni\Downloads\PICKITMPLAB\VDK-11-5 (extract.me)\Bai5_TRAFFIC_UART\main.c
              __string_41   0x001ea7    program     static C:\Users\anhni\Downloads\PICKITMPLAB\VDK-11-5 (extract.me)\Bai5_TRAFFIC_UART\simulate_machine\simulate_machine.c
              __string_41   0x001b15    program     static C:\Users\anhni\Downloads\PICKITMPLAB\VDK-11-5 (extract.me)\Bai5_TRAFFIC_UART\main.c
              __string_42   0x001e9c    program     static C:\Users\anhni\Downloads\PICKITMPLAB\VDK-11-5 (extract.me)\Bai5_TRAFFIC_UART\simulate_machine\simulate_machine.c
              __string_42   0x001b04    program     static C:\Users\anhni\Downloads\PICKITMPLAB\VDK-11-5 (extract.me)\Bai5_TRAFFIC_UART\main.c
              __string_43   0x001af3    program     static C:\Users\anhni\Downloads\PICKITMPLAB\VDK-11-5 (extract.me)\Bai5_TRAFFIC_UART\main.c
              __string_43   0x001e98    program     static C:\Users\anhni\Downloads\PICKITMPLAB\VDK-11-5 (extract.me)\Bai5_TRAFFIC_UART\simulate_machine\simulate_machine.c
              __string_44   0x001ae3    program     static C:\Users\anhni\Downloads\PICKITMPLAB\VDK-11-5 (extract.me)\Bai5_TRAFFIC_UART\main.c
              __string_44   0x001e86    program     static C:\Users\anhni\Downloads\PICKITMPLAB\VDK-11-5 (extract.me)\Bai5_TRAFFIC_UART\simulate_machine\simulate_machine.c
              __string_45   0x001ada    program     static C:\Users\anhni\Downloads\PICKITMPLAB\VDK-11-5 (extract.me)\Bai5_TRAFFIC_UART\main.c
              __string_45   0x001e7e    program     static C:\Users\anhni\Downloads\PICKITMPLAB\VDK-11-5 (extract.me)\Bai5_TRAFFIC_UART\simulate_machine\simulate_machine.c
              __string_46   0x001e58    program     static C:\Users\anhni\Downloads\PICKITMPLAB\VDK-11-5 (extract.me)\Bai5_TRAFFIC_UART\simulate_machine\simulate_machine.c
              __string_46   0x001ad8    program     static C:\Users\anhni\Downloads\PICKITMPLAB\VDK-11-5 (extract.me)\Bai5_TRAFFIC_UART\main.c
              __string_47   0x001ac7    program     static C:\Users\anhni\Downloads\PICKITMPLAB\VDK-11-5 (extract.me)\Bai5_TRAFFIC_UART\main.c
              __string_47   0x001e4d    program     static C:\Users\anhni\Downloads\PICKITMPLAB\VDK-11-5 (extract.me)\Bai5_TRAFFIC_UART\simulate_machine\simulate_machine.c
              __string_48   0x001ab6    program     static C:\Users\anhni\Downloads\PICKITMPLAB\VDK-11-5 (extract.me)\Bai5_TRAFFIC_UART\main.c
              __string_48   0x001e49    program     static C:\Users\anhni\Downloads\PICKITMPLAB\VDK-11-5 (extract.me)\Bai5_TRAFFIC_UART\simulate_machine\simulate_machine.c
              __string_49   0x001aa5    program     static C:\Users\anhni\Downloads\PICKITMPLAB\VDK-11-5 (extract.me)\Bai5_TRAFFIC_UART\main.c
              __string_49   0x001e33    program     static C:\Users\anhni\Downloads\PICKITMPLAB\VDK-11-5 (extract.me)\Bai5_TRAFFIC_UART\simulate_machine\simulate_machine.c
               __string_5   0x0021be    program     static C:\Users\anhni\Downloads\PICKITMPLAB\VDK-11-5 (extract.me)\Bai5_TRAFFIC_UART\simulate_machine\simulate_machine.c
               __string_5   0x001cdf    program     static C:\Users\anhni\Downloads\PICKITMPLAB\VDK-11-5 (extract.me)\Bai5_TRAFFIC_UART\main.c
              __string_50   0x001aa3    program     static C:\Users\anhni\Downloads\PICKITMPLAB\VDK-11-5 (extract.me)\Bai5_TRAFFIC_UART\main.c
              __string_50   0x001e22    program     static C:\Users\anhni\Downloads\PICKITMPLAB\VDK-11-5 (extract.me)\Bai5_TRAFFIC_UART\simulate_machine\simulate_machine.c
              __string_51   0x001e12    program     static C:\Users\anhni\Downloads\PICKITMPLAB\VDK-11-5 (extract.me)\Bai5_TRAFFIC_UART\simulate_machine\simulate_machine.c
              __string_51   0x001a92    program     static C:\Users\anhni\Downloads\PICKITMPLAB\VDK-11-5 (extract.me)\Bai5_TRAFFIC_UART\main.c
              __string_52   0x001df0    program     static C:\Users\anhni\Downloads\PICKITMPLAB\VDK-11-5 (extract.me)\Bai5_TRAFFIC_UART\simulate_machine\simulate_machine.c
              __string_52   0x001a81    program     static C:\Users\anhni\Downloads\PICKITMPLAB\VDK-11-5 (extract.me)\Bai5_TRAFFIC_UART\main.c
              __string_53   0x001a70    program     static C:\Users\anhni\Downloads\PICKITMPLAB\VDK-11-5 (extract.me)\Bai5_TRAFFIC_UART\main.c
              __string_53   0x001de0    program     static C:\Users\anhni\Downloads\PICKITMPLAB\VDK-11-5 (extract.me)\Bai5_TRAFFIC_UART\simulate_machine\simulate_machine.c
              __string_54   0x001dc9    program     static C:\Users\anhni\Downloads\PICKITMPLAB\VDK-11-5 (extract.me)\Bai5_TRAFFIC_UART\simulate_machine\simulate_machine.c
              __string_55   0x001db0    program     static C:\Users\anhni\Downloads\PICKITMPLAB\VDK-11-5 (extract.me)\Bai5_TRAFFIC_UART\simulate_machine\simulate_machine.c
              __string_56   0x001d88    program     static C:\Users\anhni\Downloads\PICKITMPLAB\VDK-11-5 (extract.me)\Bai5_TRAFFIC_UART\simulate_machine\simulate_machine.c
              __string_57   0x001d64    program     static C:\Users\anhni\Downloads\PICKITMPLAB\VDK-11-5 (extract.me)\Bai5_TRAFFIC_UART\simulate_machine\simulate_machine.c
              __string_58   0x001d49    program     static C:\Users\anhni\Downloads\PICKITMPLAB\VDK-11-5 (extract.me)\Bai5_TRAFFIC_UART\simulate_machine\simulate_machine.c
              __string_59   0x001d38    program     static C:\Users\anhni\Downloads\PICKITMPLAB\VDK-11-5 (extract.me)\Bai5_TRAFFIC_UART\simulate_machine\simulate_machine.c
               __string_6   0x0021a9    program     static C:\Users\anhni\Downloads\PICKITMPLAB\VDK-11-5 (extract.me)\Bai5_TRAFFIC_UART\simulate_machine\simulate_machine.c
               __string_6   0x001cd3    program     static C:\Users\anhni\Downloads\PICKITMPLAB\VDK-11-5 (extract.me)\Bai5_TRAFFIC_UART\main.c
               __string_7   0x002177    program     static C:\Users\anhni\Downloads\PICKITMPLAB\VDK-11-5 (extract.me)\Bai5_TRAFFIC_UART\simulate_machine\simulate_machine.c
               __string_7   0x001cc5    program     static C:\Users\anhni\Downloads\PICKITMPLAB\VDK-11-5 (extract.me)\Bai5_TRAFFIC_UART\main.c
               __string_8   0x002145    program     static C:\Users\anhni\Downloads\PICKITMPLAB\VDK-11-5 (extract.me)\Bai5_TRAFFIC_UART\simulate_machine\simulate_machine.c
               __string_8   0x001cb4    program     static C:\Users\anhni\Downloads\PICKITMPLAB\VDK-11-5 (extract.me)\Bai5_TRAFFIC_UART\main.c
               __string_9   0x00213a    program     static C:\Users\anhni\Downloads\PICKITMPLAB\VDK-11-5 (extract.me)\Bai5_TRAFFIC_UART\simulate_machine\simulate_machine.c
               __string_9   0x001ca3    program     static C:\Users\anhni\Downloads\PICKITMPLAB\VDK-11-5 (extract.me)\Bai5_TRAFFIC_UART\main.c
              __tmplbl_36   0x000f02    program     static                          
              __tmplbl_37   0x000f02    program     static                          
              __tmplbl_38   0x000f02    program     static                          
              __tmplbl_39   0x000f02    program     static                          
              __tmplbl_40   0x000f02    program     static                          
              __tmplbl_41   0x000f02    program     static                          
              __tmplbl_42   0x000f02    program     static                          
              __tmplbl_43   0x000ec6    program     static                          
              __tmplbl_44   0x000ece    program     static                          
              __tmplbl_45   0x000ec6    program     static                          
              __tmplbl_46   0x000ece    program     static                          
              __tmplbl_47   0x000ec6    program     static                          
              __tmplbl_48   0x000ece    program     static                          
              __tmplbl_49   0x000ec6    program     static                          
              __tmplbl_50   0x000ece    program     static                          
              __tmplbl_51   0x000ec6    program     static                          
              __tmplbl_52   0x000ece    program     static                          
              __tmplbl_53   0x000ec6    program     static                          
              __tmplbl_54   0x000ece    program     static                          
              __tmplbl_55   0x000ec6    program     static                          
              __tmplbl_56   0x000ece    program     static                          
              __tmplbl_57   0x000ec6    program     static                          
              __tmplbl_58   0x000ece    program     static                          
              __tmplbl_59   0x000f02    program     static                          
            __zero_memory   0x00390c    program     extern E:\3.46\pic18-lt\cxx-framework\src\traditional\proc\p18f4620.asm
                _do_cinit   0x003688    program     extern E:\3.46\pic18-lt\cxx-framework\src\traditional\startup\c018i.c
                   _entry   0x000000    program     extern E:\3.46\pic18-lt\cxx-framework\src\traditional\startup\c018i.c
                   _false   0x003868    program     static                          
                   _false   0x0038a2    program     static                          
                 _startup   0x00392c    program     extern E:\3.46\pic18-lt\cxx-framework\src\traditional\startup\c018i.c
          button_delay_ms   0x002d0e    program     extern C:\Users\anhni\Downloads\PICKITMPLAB\VDK-11-5 (extract.me)\Bai5_TRAFFIC_UART\button_matrix\button.c
                compare_l   0x003922    program     static E:\3.46\pic18-lt\cxx-framework\src\traditional\proc\p18f4620.asm
                copy_loop   0x0036fa    program     static                          
            copy_one_byte   0x003700    program     static                          
                 delay_ms   0x0000b2    program     extern C:\Users\anhni\Downloads\PICKITMPLAB\VDK-11-5 (extract.me)\Bai5_TRAFFIC_UART\main.c
                     done   0x003724    program     static                          
             done_copying   0x00370e    program     static                          
           ds1307_control   0x002fd2    program     extern C:\Users\anhni\Downloads\PICKITMPLAB\VDK-11-5 (extract.me)\Bai5_TRAFFIC_UART\i2c\i2c.c
           eeprom_control   0x002fde    program     extern C:\Users\anhni\Downloads\PICKITMPLAB\VDK-11-5 (extract.me)\Bai5_TRAFFIC_UART\i2c\i2c.c
                  endloop   0x00395e    program     static                          
                  endloop   0x003906    program     static                          
            get_adc_value   0x003738    program     extern C:\Users\anhni\Downloads\PICKITMPLAB\VDK-11-5 (extract.me)\Bai5_TRAFFIC_UART\adc\adc.c
                 high_isr   0x0034f2    program     extern C:\Users\anhni\Downloads\PICKITMPLAB\VDK-11-5 (extract.me)\Bai5_TRAFFIC_UART\interrupt\interrupt.c
                  i2c_ack   0x003014    program     extern C:\Users\anhni\Downloads\PICKITMPLAB\VDK-11-5 (extract.me)\Bai5_TRAFFIC_UART\i2c\i2c.c
                  i2c_nak   0x003020    program     extern C:\Users\anhni\Downloads\PICKITMPLAB\VDK-11-5 (extract.me)\Bai5_TRAFFIC_UART\i2c\i2c.c
                 i2c_read   0x003008    program     extern C:\Users\anhni\Downloads\PICKITMPLAB\VDK-11-5 (extract.me)\Bai5_TRAFFIC_UART\i2c\i2c.c
                i2c_start   0x002fea    program     extern C:\Users\anhni\Downloads\PICKITMPLAB\VDK-11-5 (extract.me)\Bai5_TRAFFIC_UART\i2c\i2c.c
                 i2c_stop   0x002ff4    program     extern C:\Users\anhni\Downloads\PICKITMPLAB\VDK-11-5 (extract.me)\Bai5_TRAFFIC_UART\i2c\i2c.c
                i2c_write   0x002ffe    program     extern C:\Users\anhni\Downloads\PICKITMPLAB\VDK-11-5 (extract.me)\Bai5_TRAFFIC_UART\i2c\i2c.c
                 init_adc   0x003726    program     extern C:\Users\anhni\Downloads\PICKITMPLAB\VDK-11-5 (extract.me)\Bai5_TRAFFIC_UART\adc\adc.c
            init_ext_int0   0x00346e    program     extern C:\Users\anhni\Downloads\PICKITMPLAB\VDK-11-5 (extract.me)\Bai5_TRAFFIC_UART\interrupt\interrupt.c
                 init_i2c   0x002fba    program     extern C:\Users\anhni\Downloads\PICKITMPLAB\VDK-11-5 (extract.me)\Bai5_TRAFFIC_UART\i2c\i2c.c
           init_interrupt   0x003466    program     extern C:\Users\anhni\Downloads\PICKITMPLAB\VDK-11-5 (extract.me)\Bai5_TRAFFIC_UART\interrupt\interrupt.c
          init_key_matrix   0x002c08    program     extern C:\Users\anhni\Downloads\PICKITMPLAB\VDK-11-5 (extract.me)\Bai5_TRAFFIC_UART\button_matrix\button.c
init_key_matrix_new_board   0x002e50    program     extern C:\Users\anhni\Downloads\PICKITMPLAB\VDK-11-5 (extract.me)\Bai5_TRAFFIC_UART\button_matrix\button.c
init_key_matrix_with_uart_i2c   0x002c10    program     extern C:\Users\anhni\Downloads\PICKITMPLAB\VDK-11-5 (extract.me)\Bai5_TRAFFIC_UART\button_matrix\button.c
              init_output   0x000126    program     extern C:\Users\anhni\Downloads\PICKITMPLAB\VDK-11-5 (extract.me)\Bai5_TRAFFIC_UART\main.c
                 init_pwm   0x0038a8    program     extern C:\Users\anhni\Downloads\PICKITMPLAB\VDK-11-5 (extract.me)\Bai5_TRAFFIC_UART\pwm\pwm.c
              init_system   0x000130    program     extern C:\Users\anhni\Downloads\PICKITMPLAB\VDK-11-5 (extract.me)\Bai5_TRAFFIC_UART\main.c
              init_timer0   0x003202    program     extern C:\Users\anhni\Downloads\PICKITMPLAB\VDK-11-5 (extract.me)\Bai5_TRAFFIC_UART\timer\timer.c
              init_timer1   0x00322e    program     extern C:\Users\anhni\Downloads\PICKITMPLAB\VDK-11-5 (extract.me)\Bai5_TRAFFIC_UART\timer\timer.c
              init_timer2   0x003260    program     extern C:\Users\anhni\Downloads\PICKITMPLAB\VDK-11-5 (extract.me)\Bai5_TRAFFIC_UART\timer\timer.c
              init_timer3   0x00328c    program     extern C:\Users\anhni\Downloads\PICKITMPLAB\VDK-11-5 (extract.me)\Bai5_TRAFFIC_UART\timer\timer.c
                init_uart   0x002886    program     extern C:\Users\anhni\Downloads\PICKITMPLAB\VDK-11-5 (extract.me)\Bai5_TRAFFIC_UART\uart\uart.c
              isButton4Up   0x000592    program     extern C:\Users\anhni\Downloads\PICKITMPLAB\VDK-11-5 (extract.me)\Bai5_TRAFFIC_UART\main.c
              isButton5Up   0x0005ba    program     extern C:\Users\anhni\Downloads\PICKITMPLAB\VDK-11-5 (extract.me)\Bai5_TRAFFIC_UART\main.c
              isButton6Up   0x0005e2    program     extern C:\Users\anhni\Downloads\PICKITMPLAB\VDK-11-5 (extract.me)\Bai5_TRAFFIC_UART\main.c
              isButton8Up   0x00060a    program     extern C:\Users\anhni\Downloads\PICKITMPLAB\VDK-11-5 (extract.me)\Bai5_TRAFFIC_UART\main.c
            isButtonEnter   0x000e5a    program     extern C:\Users\anhni\Downloads\PICKITMPLAB\VDK-11-5 (extract.me)\Bai5_TRAFFIC_UART\main.c
           isButtonNumber   0x000e14    program     extern C:\Users\anhni\Downloads\PICKITMPLAB\VDK-11-5 (extract.me)\Bai5_TRAFFIC_UART\main.c
                lcd_clear   0x0013a0    program     extern C:\Users\anhni\Downloads\PICKITMPLAB\VDK-11-5 (extract.me)\Bai5_TRAFFIC_UART\lcd\lcd.c
                lcd_delay   0x0011f4    program     extern C:\Users\anhni\Downloads\PICKITMPLAB\VDK-11-5 (extract.me)\Bai5_TRAFFIC_UART\lcd\lcd.c
                 lcd_init   0x001292    program     extern C:\Users\anhni\Downloads\PICKITMPLAB\VDK-11-5 (extract.me)\Bai5_TRAFFIC_UART\lcd\lcd.c
             lcd_power_of   0x0013b0    program     extern C:\Users\anhni\Downloads\PICKITMPLAB\VDK-11-5 (extract.me)\Bai5_TRAFFIC_UART\lcd\lcd.c
           lcd_print_char   0x001342    program     extern C:\Users\anhni\Downloads\PICKITMPLAB\VDK-11-5 (extract.me)\Bai5_TRAFFIC_UART\lcd\lcd.c
          lcd_print_charS   0x00153c    program     extern C:\Users\anhni\Downloads\PICKITMPLAB\VDK-11-5 (extract.me)\Bai5_TRAFFIC_UART\lcd\lcd.c
            lcd_print_num   0x00145a    program     extern C:\Users\anhni\Downloads\PICKITMPLAB\VDK-11-5 (extract.me)\Bai5_TRAFFIC_UART\lcd\lcd.c
            lcd_print_str   0x001344    program     extern C:\Users\anhni\Downloads\PICKITMPLAB\VDK-11-5 (extract.me)\Bai5_TRAFFIC_UART\lcd\lcd.c
              lcd_putchar   0x001340    program     extern C:\Users\anhni\Downloads\PICKITMPLAB\VDK-11-5 (extract.me)\Bai5_TRAFFIC_UART\lcd\lcd.c
          lcd_read_status   0x0012ca    program     extern C:\Users\anhni\Downloads\PICKITMPLAB\VDK-11-5 (extract.me)\Bai5_TRAFFIC_UART\lcd\lcd.c
          lcd_sendCommand   0x001280    program     extern C:\Users\anhni\Downloads\PICKITMPLAB\VDK-11-5 (extract.me)\Bai5_TRAFFIC_UART\lcd\lcd.c
           lcd_set_cursor   0x001374    program     extern C:\Users\anhni\Downloads\PICKITMPLAB\VDK-11-5 (extract.me)\Bai5_TRAFFIC_UART\lcd\lcd.c
            lcd_wait_busy   0x001302    program     extern C:\Users\anhni\Downloads\PICKITMPLAB\VDK-11-5 (extract.me)\Bai5_TRAFFIC_UART\lcd\lcd.c
          lcd_write_4bits   0x001314    program     extern C:\Users\anhni\Downloads\PICKITMPLAB\VDK-11-5 (extract.me)\Bai5_TRAFFIC_UART\lcd\lcd.c
            lcd_write_cmd   0x001326    program     extern C:\Users\anhni\Downloads\PICKITMPLAB\VDK-11-5 (extract.me)\Bai5_TRAFFIC_UART\lcd\lcd.c
           lcd_write_data   0x001332    program     extern C:\Users\anhni\Downloads\PICKITMPLAB\VDK-11-5 (extract.me)\Bai5_TRAFFIC_UART\lcd\lcd.c
[...]
                    TRISB   0x000f93       data     extern E:\3.46\pic18-lt\cxx-framework\src\traditional\proc\p18f4620.asm
                     DDRB   0x000f93       data     extern E:\3.46\pic18-lt\cxx-framework\src\traditional\proc\p18f4620.asm
                 DDRBbits   0x000f93       data     extern E:\3.46\pic18-lt\cxx-framework\src\traditional\proc\p18f4620.asm
                TRISCbits   0x000f94       data     extern E:\3.46\pic18-lt\cxx-framework\src\traditional\proc\p18f4620.asm
                    TRISC   0x000f94       data     extern E:\3.46\pic18-lt\cxx-framework\src\traditional\proc\p18f4620.asm
                     DDRC   0x000f94       data     extern E:\3.46\pic18-lt\cxx-framework\src\traditional\proc\p18f4620.asm
                 DDRCbits   0x000f94       data     extern E:\3.46\pic18-lt\cxx-framework\src\traditional\proc\p18f4620.asm
                 DDRDbits   0x000f95       data     extern E:\3.46\pic18-lt\cxx-framework\src\traditional\proc\p18f4620.asm
                    TRISD   0x000f95       data     extern E:\3.46\pic18-lt\cxx-framework\src\traditional\proc\p18f4620.asm
                     DDRD   0x000f95       data     extern E:\3.46\pic18-lt\cxx-framework\src\traditional\proc\p18f4620.asm
                TRISDbits   0x000f95       data     extern E:\3.46\pic18-lt\cxx-framework\src\traditional\proc\p18f4620.asm
                    TRISE   0x000f96       data     extern E:\3.46\pic18-lt\cxx-framework\src\traditional\proc\p18f4620.asm
                TRISEbits   0x000f96       data     extern E:\3.46\pic18-lt\cxx-framework\src\traditional\proc\p18f4620.asm
                 DDREbits   0x000f96       data     extern E:\3.46\pic18-lt\cxx-framework\src\traditional\proc\p18f4620.asm
                     DDRE   0x000f96       data     extern E:\3.46\pic18-lt\cxx-framework\src\traditional\proc\p18f4620.asm
              OSCTUNEbits   0x000f9b       data     extern E:\3.46\pic18-lt\cxx-framework\src\traditional\proc\p18f4620.asm
                  OSCTUNE   0x000f9b       data     extern E:\3.46\pic18-lt\cxx-framework\src\traditional\proc\p18f4620.asm
                 PIE1bits   0x000f9d       data     extern E:\3.46\pic18-lt\cxx-framework\src\traditional\proc\p18f4620.asm
                     PIE1   0x000f9d       data     extern E:\3.46\pic18-lt\cxx-framework\src\traditional\proc\p18f4620.asm
                 PIR1bits   0x000f9e       data     extern E:\3.46\pic18-lt\cxx-framework\src\traditional\proc\p18f4620.asm
                     PIR1   0x000f9e       data     extern E:\3.46\pic18-lt\cxx-framework\src\traditional\proc\p18f4620.asm
                     IPR1   0x000f9f       data     extern E:\3.46\pic18-lt\cxx-framework\src\traditional\proc\p18f4620.asm
                 IPR1bits   0x000f9f       data     extern E:\3.46\pic18-lt\cxx-framework\src\traditional\proc\p18f4620.asm
                 PIE2bits   0x000fa0       data     extern E:\3.46\pic18-lt\cxx-framework\src\traditional\proc\p18f4620.asm
                     PIE2   0x000fa0       data     extern E:\3.46\pic18-lt\cxx-framework\src\traditional\proc\p18f4620.asm
                     PIR2   0x000fa1       data     extern E:\3.46\pic18-lt\cxx-framework\src\traditional\proc\p18f4620.asm
                 PIR2bits   0x000fa1       data     extern E:\3.46\pic18-lt\cxx-framework\src\traditional\proc\p18f4620.asm
                     IPR2   0x000fa2       data     extern E:\3.46\pic18-lt\cxx-framework\src\traditional\proc\p18f4620.asm
                 IPR2bits   0x000fa2       data     extern E:\3.46\pic18-lt\cxx-framework\src\traditional\proc\p18f4620.asm
               EECON1bits   0x000fa6       data     extern E:\3.46\pic18-lt\cxx-framework\src\traditional\proc\p18f4620.asm
                   EECON1   0x000fa6       data     extern E:\3.46\pic18-lt\cxx-framework\src\traditional\proc\p18f4620.asm
                   EECON2   0x000fa7       data     extern E:\3.46\pic18-lt\cxx-framework\src\traditional\proc\p18f4620.asm
                   EEDATA   0x000fa8       data     extern E:\3.46\pic18-lt\cxx-framework\src\traditional\proc\p18f4620.asm
                    EEADR   0x000fa9       data     extern E:\3.46\pic18-lt\cxx-framework\src\traditional\proc\p18f4620.asm
                   EEADRH   0x000faa       data     extern E:\3.46\pic18-lt\cxx-framework\src\traditional\proc\p18f4620.asm
                RCSTAbits   0x000fab       data     extern E:\3.46\pic18-lt\cxx-framework\src\traditional\proc\p18f4620.asm
                    RCSTA   0x000fab       data     extern E:\3.46\pic18-lt\cxx-framework\src\traditional\proc\p18f4620.asm
                    TXSTA   0x000fac       data     extern E:\3.46\pic18-lt\cxx-framework\src\traditional\proc\p18f4620.asm
                TXSTAbits   0x000fac       data     extern E:\3.46\pic18-lt\cxx-framework\src\traditional\proc\p18f4620.asm
                    TXREG   0x000fad       data     extern E:\3.46\pic18-lt\cxx-framework\src\traditional\proc\p18f4620.asm
                    RCREG   0x000fae       data     extern E:\3.46\pic18-lt\cxx-framework\src\traditional\proc\p18f4620.asm
                    SPBRG   0x000faf       data     extern E:\3.46\pic18-lt\cxx-framework\src\traditional\proc\p18f4620.asm
                   SPBRGH   0x000fb0       data     extern E:\3.46\pic18-lt\cxx-framework\src\traditional\proc\p18f4620.asm
                T3CONbits   0x000fb1       data     extern E:\3.46\pic18-lt\cxx-framework\src\traditional\proc\p18f4620.asm
                    T3CON   0x000fb1       data     extern E:\3.46\pic18-lt\cxx-framework\src\traditional\proc\p18f4620.asm
                    TMR3L   0x000fb2       data     extern E:\3.46\pic18-lt\cxx-framework\src\traditional\proc\p18f4620.asm
                    TMR3H   0x000fb3       data     extern E:\3.46\pic18-lt\cxx-framework\src\traditional\proc\p18f4620.asm
                    CMCON   0x000fb4       data     extern E:\3.46\pic18-lt\cxx-framework\src\traditional\proc\p18f4620.asm
                CMCONbits   0x000fb4       data     extern E:\3.46\pic18-lt\cxx-framework\src\traditional\proc\p18f4620.asm
                   CVRCON   0x000fb5       data     extern E:\3.46\pic18-lt\cxx-framework\src\traditional\proc\p18f4620.asm
               CVRCONbits   0x000fb5       data     extern E:\3.46\pic18-lt\cxx-framework\src\traditional\proc\p18f4620.asm
                  ECCP1AS   0x000fb6       data     extern E:\3.46\pic18-lt\cxx-framework\src\traditional\proc\p18f4620.asm
              ECCP1ASbits   0x000fb6       data     extern E:\3.46\pic18-lt\cxx-framework\src\traditional\proc\p18f4620.asm
              PWM1CONbits   0x000fb7       data     extern E:\3.46\pic18-lt\cxx-framework\src\traditional\proc\p18f4620.asm
                  PWM1CON   0x000fb7       data     extern E:\3.46\pic18-lt\cxx-framework\src\traditional\proc\p18f4620.asm
                  BAUDCON   0x000fb8       data     extern E:\3.46\pic18-lt\cxx-framework\src\traditional\proc\p18f4620.asm
              BAUDCONbits   0x000fb8       data     extern E:\3.46\pic18-lt\cxx-framework\src\traditional\proc\p18f4620.asm
                  BAUDCTL   0x000fb8       data     extern E:\3.46\pic18-lt\cxx-framework\src\traditional\proc\p18f4620.asm
              BAUDCTLbits   0x000fb8       data     extern E:\3.46\pic18-lt\cxx-framework\src\traditional\proc\p18f4620.asm
              CCP2CONbits   0x000fba       data     extern E:\3.46\pic18-lt\cxx-framework\src\traditional\proc\p18f4620.asm
                  CCP2CON   0x000fba       data     extern E:\3.46\pic18-lt\cxx-framework\src\traditional\proc\p18f4620.asm
                   CCPR2L   0x000fbb       data     extern E:\3.46\pic18-lt\cxx-framework\src\traditional\proc\p18f4620.asm
                    CCPR2   0x000fbb       data     extern E:\3.46\pic18-lt\cxx-framework\src\traditional\proc\p18f4620.asm
                   CCPR2H   0x000fbc       data     extern E:\3.46\pic18-lt\cxx-framework\src\traditional\proc\p18f4620.asm
                  CCP1CON   0x000fbd       data     extern E:\3.46\pic18-lt\cxx-framework\src\traditional\proc\p18f4620.asm
              CCP1CONbits   0x000fbd       data     extern E:\3.46\pic18-lt\cxx-framework\src\traditional\proc\p18f4620.asm
                    CCPR1   0x000fbe       data     extern E:\3.46\pic18-lt\cxx-framework\src\traditional\proc\p18f4620.asm
                   CCPR1L   0x000fbe       data     extern E:\3.46\pic18-lt\cxx-framework\src\traditional\proc\p18f4620.asm
                   CCPR1H   0x000fbf       data     extern E:\3.46\pic18-lt\cxx-framework\src\traditional\proc\p18f4620.asm
               ADCON2bits   0x000fc0       data     extern E:\3.46\pic18-lt\cxx-framework\src\traditional\proc\p18f4620.asm
                   ADCON2   0x000fc0       data     extern E:\3.46\pic18-lt\cxx-framework\src\traditional\proc\p18f4620.asm
               ADCON1bits   0x000fc1       data     extern E:\3.46\pic18-lt\cxx-framework\src\traditional\proc\p18f4620.asm
                   ADCON1   0x000fc1       data     extern E:\3.46\pic18-lt\cxx-framework\src\traditional\proc\p18f4620.asm
                   ADCON0   0x000fc2       data     extern E:\3.46\pic18-lt\cxx-framework\src\traditional\proc\p18f4620.asm
               ADCON0bits   0x000fc2       data     extern E:\3.46\pic18-lt\cxx-framework\src\traditional\proc\p18f4620.asm
                    ADRES   0x000fc3       data     extern E:\3.46\pic18-lt\cxx-framework\src\traditional\proc\p18f4620.asm
                   ADRESL   0x000fc3       data     extern E:\3.46\pic18-lt\cxx-framework\src\traditional\proc\p18f4620.asm
                   ADRESH   0x000fc4       data     extern E:\3.46\pic18-lt\cxx-framework\src\traditional\proc\p18f4620.asm
                  SSPCON2   0x000fc5       data     extern E:\3.46\pic18-lt\cxx-framework\src\traditional\proc\p18f4620.asm
              SSPCON2bits   0x000fc5       data     extern E:\3.46\pic18-lt\cxx-framework\src\traditional\proc\p18f4620.asm
                  SSPCON1   0x000fc6       data     extern E:\3.46\pic18-lt\cxx-framework\src\traditional\proc\p18f4620.asm
              SSPCON1bits   0x000fc6       data     extern E:\3.46\pic18-lt\cxx-framework\src\traditional\proc\p18f4620.asm
                  SSPSTAT   0x000fc7       data     extern E:\3.46\pic18-lt\cxx-framework\src\traditional\proc\p18f4620.asm
              SSPSTATbits   0x000fc7       data     extern E:\3.46\pic18-lt\cxx-framework\src\traditional\proc\p18f4620.asm
                   SSPADD   0x000fc8       data     extern E:\3.46\pic18-lt\cxx-framework\src\traditional\proc\p18f4620.asm
                   SSPBUF   0x000fc9       data     extern E:\3.46\pic18-lt\cxx-framework\src\traditional\proc\p18f4620.asm
                    T2CON   0x000fca       data     extern E:\3.46\pic18-lt\cxx-framework\src\traditional\proc\p18f4620.asm
                T2CONbits   0x000fca       data     extern E:\3.46\pic18-lt\cxx-framework\src\traditional\proc\p18f4620.asm
                      PR2   0x000fcb       data     extern E:\3.46\pic18-lt\cxx-framework\src\traditional\proc\p18f4620.asm
                     TMR2   0x000fcc       data     extern E:\3.46\pic18-lt\cxx-framework\src\traditional\proc\p18f4620.asm
                T1CONbits   0x000fcd       data     extern E:\3.46\pic18-lt\cxx-framework\src\traditional\proc\p18f4620.asm
                    T1CON   0x000fcd       data     extern E:\3.46\pic18-lt\cxx-framework\src\traditional\proc\p18f4620.asm
                    TMR1L   0x000fce       data     extern E:\3.46\pic18-lt\cxx-framework\src\traditional\proc\p18f4620.asm
                    TMR1H   0x000fcf       data     extern E:\3.46\pic18-lt\cxx-framework\src\traditional\proc\p18f4620.asm
                     RCON   0x000fd0       data     extern E:\3.46\pic18-lt\cxx-framework\src\traditional\proc\p18f4620.asm
                 RCONbits   0x000fd0       data     extern E:\3.46\pic18-lt\cxx-framework\src\traditional\proc\p18f4620.asm
               WDTCONbits   0x000fd1       data     extern E:\3.46\pic18-lt\cxx-framework\src\traditional\proc\p18f4620.asm
                   WDTCON   0x000fd1       data     extern E:\3.46\pic18-lt\cxx-framework\src\traditional\proc\p18f4620.asm
               LVDCONbits   0x000fd2       data     extern E:\3.46\pic18-lt\cxx-framework\src\traditional\proc\p18f4620.asm
                   LVDCON   0x000fd2       data     extern E:\3.46\pic18-lt\cxx-framework\src\traditional\proc\p18f4620.asm
              HLVDCONbits   0x000fd2       data     extern E:\3.46\pic18-lt\cxx-framework\src\traditional\proc\p18f4620.asm
                  HLVDCON   0x000fd2       data     extern E:\3.46\pic18-lt\cxx-framework\src\traditional\proc\p18f4620.asm
               OSCCONbits   0x000fd3       data     extern E:\3.46\pic18-lt\cxx-framework\src\traditional\proc\p18f4620.asm
                   OSCCON   0x000fd3       data     extern E:\3.46\pic18-lt\cxx-framework\src\traditional\proc\p18f4620.asm
                T0CONbits   0x000fd5       data     extern E:\3.46\pic18-lt\cxx-framework\src\traditional\proc\p18f4620.asm
                    T0CON   0x000fd5       data     extern E:\3.46\pic18-lt\cxx-framework\src\traditional\proc\p18f4620.asm
                    TMR0L   0x000fd6       data     extern E:\3.46\pic18-lt\cxx-framework\src\traditional\proc\p18f4620.asm
                    TMR0H   0x000fd7       data     extern E:\3.46\pic18-lt\cxx-framework\src\traditional\proc\p18f4620.asm
                   STATUS   0x000fd8       data     extern E:\3.46\pic18-lt\cxx-framework\src\traditional\proc\p18f4620.asm
               STATUSbits   0x000fd8       data     extern E:\3.46\pic18-lt\cxx-framework\src\traditional\proc\p18f4620.asm
                     FSR2   0x000fd9       data     extern E:\3.46\pic18-lt\cxx-framework\src\traditional\proc\p18f4620.asm
                    FSR2L   0x000fd9       data     extern E:\3.46\pic18-lt\cxx-framework\src\traditional\proc\p18f4620.asm
                    FSR2H   0x000fda       data     extern E:\3.46\pic18-lt\cxx-framework\src\traditional\proc\p18f4620.asm
                   PLUSW2   0x000fdb       data     extern E:\3.46\pic18-lt\cxx-framework\src\traditional\proc\p18f4620.asm
                  PREINC2   0x000fdc       data     extern E:\3.46\pic18-lt\cxx-framework\src\traditional\proc\p18f4620.asm
                 POSTDEC2   0x000fdd       data     extern E:\3.46\pic18-lt\cxx-framework\src\traditional\proc\p18f4620.asm
                 POSTINC2   0x000fde       data     extern E:\3.46\pic18-lt\cxx-framework\src\traditional\proc\p18f4620.asm
                    INDF2   0x000fdf       data     extern E:\3.46\pic18-lt\cxx-framework\src\traditional\proc\p18f4620.asm
                      BSR   0x000fe0       data     extern E:\3.46\pic18-lt\cxx-framework\src\traditional\proc\p18f4620.asm
                     FSR1   0x000fe1       data     extern E:\3.46\pic18-lt\cxx-framework\src\traditional\proc\p18f4620.asm
                    FSR1L   0x000fe1       data     extern E:\3.46\pic18-lt\cxx-framework\src\traditional\proc\p18f4620.asm
                    FSR1H   0x000fe2       data     extern E:\3.46\pic18-lt\cxx-framework\src\traditional\proc\p18f4620.asm
                   PLUSW1   0x000fe3       data     extern E:\3.46\pic18-lt\cxx-framework\src\traditional\proc\p18f4620.asm
                  PREINC1   0x000fe4       data     extern E:\3.46\pic18-lt\cxx-framework\src\traditional\proc\p18f4620.asm
                 POSTDEC1   0x000fe5       data     extern E:\3.46\pic18-lt\cxx-framework\src\traditional\proc\p18f4620.asm
                 POSTINC1   0x000fe6       data     extern E:\3.46\pic18-lt\cxx-framework\src\traditional\proc\p18f4620.asm
                    INDF1   0x000fe7       data     extern E:\3.46\pic18-lt\cxx-framework\src\traditional\proc\p18f4620.asm
                        W   0x000fe8       data     extern E:\3.46\pic18-lt\cxx-framework\src\traditional\proc\p18f4620.asm
                     WREG   0x000fe8       data     extern E:\3.46\pic18-lt\cxx-framework\src\traditional\proc\p18f4620.asm
                    FSR0L   0x000fe9       data     extern E:\3.46\pic18-lt\cxx-framework\src\traditional\proc\p18f4620.asm
                     FSR0   0x000fe9       data     extern E:\3.46\pic18-lt\cxx-framework\src\traditional\proc\p18f4620.asm
                    FSR0H   0x000fea       data     extern E:\3.46\pic18-lt\cxx-framework\src\traditional\proc\p18f4620.asm
                   PLUSW0   0x000feb       data     extern E:\3.46\pic18-lt\cxx-framework\src\traditional\proc\p18f4620.asm
                  PREINC0   0x000fec       data     extern E:\3.46\pic18-lt\cxx-framework\src\traditional\proc\p18f4620.asm
                 POSTDEC0   0x000fed       data     extern E:\3.46\pic18-lt\cxx-framework\src\traditional\proc\p18f4620.asm
                 POSTINC0   0x000fee       data     extern E:\3.46\pic18-lt\cxx-framework\src\traditional\proc\p18f4620.asm
                    INDF0   0x000fef       data     extern E:\3.46\pic18-lt\cxx-framework\src\traditional\proc\p18f4620.asm
              INTCON3bits   0x000ff0       data     extern E:\3.46\pic18-lt\cxx-framework\src\traditional\proc\p18f4620.asm
                  INTCON3   0x000ff0       data     extern E:\3.46\pic18-lt\cxx-framework\src\traditional\proc\p18f4620.asm
                  INTCON2   0x000ff1       data     extern E:\3.46\pic18-lt\cxx-framework\src\traditional\proc\p18f4620.asm
              INTCON2bits   0x000ff1       data     extern E:\3.46\pic18-lt\cxx-framework\src\traditional\proc\p18f4620.asm
                   INTCON   0x000ff2       data     extern E:\3.46\pic18-lt\cxx-framework\src\traditional\proc\p18f4620.asm
               INTCONbits   0x000ff2       data     extern E:\3.46\pic18-lt\cxx-framework\src\traditional\proc\p18f4620.asm
                     PROD   0x000ff3       data     extern E:\3.46\pic18-lt\cxx-framework\src\traditional\proc\p18f4620.asm
                    PRODL   0x000ff3       data     extern E:\3.46\pic18-lt\cxx-framework\src\traditional\proc\p18f4620.asm
                    PRODH   0x000ff4       data     extern E:\3.46\pic18-lt\cxx-framework\src\traditional\proc\p18f4620.asm
                   TABLAT   0x000ff5       data     extern E:\3.46\pic18-lt\cxx-framework\src\traditional\proc\p18f4620.asm
                  TBLPTRL   0x000ff6       data     extern E:\3.46\pic18-lt\cxx-framework\src\traditional\proc\p18f4620.asm
                   TBLPTR   0x000ff6       data     extern E:\3.46\pic18-lt\cxx-framework\src\traditional\proc\p18f4620.asm
                  TBLPTRH   0x000ff7       data     extern E:\3.46\pic18-lt\cxx-framework\src\traditional\proc\p18f4620.asm
                  TBLPTRU   0x000ff8       data     extern E:\3.46\pic18-lt\cxx-framework\src\traditional\proc\p18f4620.asm
                       PC   0x000ff9       data     extern E:\3.46\pic18-lt\cxx-framework\src\traditional\proc\p18f4620.asm
                      PCL   0x000ff9       data     extern E:\3.46\pic18-lt\cxx-framework\src\traditional\proc\p18f4620.asm
                   PCLATH   0x000ffa       data     extern E:\3.46\pic18-lt\cxx-framework\src\traditional\proc\p18f4620.asm
                   PCLATU   0x000ffb       data     extern E:\3.46\pic18-lt\cxx-framework\src\traditional\proc\p18f4620.asm
                   STKPTR   0x000ffc       data     extern E:\3.46\pic18-lt\cxx-framework\src\traditional\proc\p18f4620.asm
               STKPTRbits   0x000ffc       data     extern E:\3.46\pic18-lt\cxx-framework\src\traditional\proc\p18f4620.asm
                      TOS   0x000ffd       data     extern E:\3.46\pic18-lt\cxx-framework\src\traditional\proc\p18f4620.asm
                     TOSL   0x000ffd       data     extern E:\3.46\pic18-lt\cxx-framework\src\traditional\proc\p18f4620.asm
                     TOSH   0x000ffe       data     extern E:\3.46\pic18-lt\cxx-framework\src\traditional\proc\p18f4620.asm
                     TOSU   0x000fff       data     extern E:\3.46\pic18-lt\cxx-framework\src\traditional\proc\p18f4620.asm


